#0 building with "default" instance using docker driver

#1 [internal] load build definition from Dockerfile.guix
#1 DONE 0.0s

#1 [internal] load build definition from Dockerfile.guix
#1 transferring dockerfile: 3.98kB 0.1s done
#1 DONE 0.2s

#2 [internal] load metadata for docker.io/library/ubuntu:24.04
#2 DONE 0.1s

#3 [internal] load metadata for docker.io/metacall/guix:latest
#3 DONE 0.1s

#4 [internal] load .dockerignore
#4 transferring context: 596B 0.1s done
#4 DONE 0.1s

#5 [internal] load build context
#5 DONE 0.0s

#6 [builder 1/6] FROM docker.io/library/ubuntu:24.04@sha256:4fbb8e6a8395de5a7550b33509421a2bafbc0aab6c06ba2cef9ebffbc7092d90
#6 resolve docker.io/library/ubuntu:24.04@sha256:4fbb8e6a8395de5a7550b33509421a2bafbc0aab6c06ba2cef9ebffbc7092d90 0.1s done
#6 DONE 0.1s

#7 [stage-1 1/7] FROM docker.io/metacall/guix:latest@sha256:e028ebad915a2ff1e4b91680444600dd6712214cf2c7cb0bcb6ebd5fe8891afe
#7 resolve docker.io/metacall/guix:latest@sha256:e028ebad915a2ff1e4b91680444600dd6712214cf2c7cb0bcb6ebd5fe8891afe
#7 resolve docker.io/metacall/guix:latest@sha256:e028ebad915a2ff1e4b91680444600dd6712214cf2c7cb0bcb6ebd5fe8891afe 0.1s done
#7 DONE 0.1s

#5 [internal] load build context
#5 transferring context: 79.21kB 3.2s done
#5 DONE 3.3s

#8 [builder 2/6] RUN apt-get update && apt-get install -y --no-install-recommends         curl ca-certificates build-essential pkg-config libssl-dev git     ; rm -rf /var/lib/apt/lists/*
#8 CACHED

#9 [builder 3/6] RUN curl --proto '=https' --tlsv1.2 -sSf https://sh.rustup.rs | sh -s -- -y --profile minimal
#9 CACHED

#10 [builder 4/6] WORKDIR /src
#10 CACHED

#11 [builder 5/6] COPY . /src
#11 DONE 0.3s

#12 [builder 6/6] RUN cargo build --release && cp target/release/shall /usr/local/bin/shall && chmod 0755 /usr/local/bin/shall
#12 0.583     Updating crates.io index
#12 4.233  Downloading crates ...
#12 4.401   Downloaded futures-core v0.3.32
#12 4.458   Downloaded adler2 v2.0.1
#12 4.459   Downloaded fs2 v0.4.3
#12 4.474   Downloaded thiserror-impl v2.0.19
#12 4.477   Downloaded futures-sink v0.3.32
#12 4.478   Downloaded parking_lot v0.12.5
#12 4.481   Downloaded futures-macro v0.3.32
#12 4.482   Downloaded generic-array v0.14.7
#12 4.484   Downloaded heck v0.5.0
#12 4.498   Downloaded toml_write v0.1.2
#12 4.505   Downloaded futures-io v0.3.32
#12 4.513   Downloaded hex v0.4.3
#12 4.515   Downloaded toml_datetime v0.6.11
#12 4.516   Downloaded wezterm-dynamic-derive v0.1.1
#12 4.517   Downloaded anstyle-query v1.1.5
#12 4.518   Downloaded futures-task v0.3.32
#12 4.520   Downloaded ident_case v1.0.1
#12 4.521   Downloaded wezterm-blob-leases v0.1.1
#12 4.524   Downloaded inout v0.1.4
#12 4.525   Downloaded is_terminal_polyfill v1.70.2
#12 4.534   Downloaded idna_adapter v1.2.1
#12 4.538   Downloaded lru-slab v0.1.2
#12 4.540   Downloaded memmem v0.1.1
#12 4.541   Downloaded thread_local v1.1.9
#12 4.543   Downloaded num-conv v0.2.1
#12 4.545   Downloaded num-derive v0.4.2
#12 4.546   Downloaded lab v0.11.0
#12 4.548   Downloaded option-ext v0.2.0
#12 4.549   Downloaded humansize v2.1.3
#12 4.551   Downloaded lazy_static v1.5.0
#12 4.553   Downloaded memoffset v0.9.1
#12 4.555   Downloaded tower-layer v0.3.3
#12 4.557   Downloaded hostname v0.3.1
#12 4.560   Downloaded nonzero_ext v0.3.0
#12 4.564   Downloaded match_cfg v0.1.0
#12 4.565   Downloaded num_threads v0.1.7
#12 4.567   Downloaded itoa v1.0.18
#12 4.571   Downloaded home v0.5.12
#12 4.572   Downloaded zerofrom v0.1.6
#12 4.610   Downloaded tiny-keccak v2.0.2
#12 4.612   Downloaded tinystr v0.8.2
#12 4.615   Downloaded tracing-log v0.2.0
#12 4.617   Downloaded utf8parse v0.2.2
#12 4.635   Downloaded yoke-derive v0.8.1
#12 4.647   Downloaded http-body v1.1.0
#12 4.648   Downloaded wezterm-dynamic v0.2.1
#12 4.650   Downloaded by_address v1.2.1
#12 4.662   Downloaded matchers v0.2.0
#12 4.664   Downloaded no-std-compat v0.4.1
#12 4.665   Downloaded vtparse v0.6.2
#12 4.667   Downloaded approx v0.5.1
#12 4.669   Downloaded bit-set v0.5.3
#12 4.671   Downloaded ratatui-termina v0.1.0
#12 4.673   Downloaded futures-executor v0.3.32
#12 4.675   Downloaded wezterm-color-types v0.3.0
#12 4.676   Downloaded zerofrom-derive v0.1.6
#12 4.677   Downloaded atomic v0.6.1
#12 4.679   Downloaded atomic-waker v1.1.2
#12 4.686   Downloaded unit-prefix v0.5.2
#12 4.694   Downloaded globwalk v0.9.1
#12 4.697   Downloaded sha1 v0.10.6
#12 4.701   Downloaded futures-timer v3.0.3
#12 4.704   Downloaded instability v0.3.13
#12 4.706   Downloaded tower-service v0.3.3
#12 4.708   Downloaded globset v0.4.18
#12 4.711   Downloaded version-compare v0.1.1
#12 4.720   Downloaded ipnet v2.12.0
#12 4.723   Downloaded indoc v2.0.7
#12 4.726   Downloaded mac_address v1.1.8
#12 4.728   Downloaded kasuari v0.4.12
#12 4.730   Downloaded xattr v1.6.1
#12 4.738   Downloaded palette_math v0.7.7
#12 4.742   Downloaded hyper-rustls v0.27.9
#12 4.744   Downloaded lock_api v0.4.14
#12 4.745   Downloaded ordered-float v4.6.0
#12 4.747   Downloaded utf8_iter v1.0.4
#12 4.748   Downloaded want v0.3.1
#12 4.749   Downloaded try-lock v0.2.5
#12 4.753   Downloaded tinyvec_macros v0.1.1
#12 4.762   Downloaded lru v0.18.2
#12 4.772   Downloaded version_check v0.9.5
#12 4.783   Downloaded time-core v0.1.8
#12 4.791   Downloaded mlua-sys v0.6.8
#12 4.793   Downloaded nu-ansi-term v0.50.3
#12 4.796   Downloaded line-clipping v0.3.8
#12 4.797   Downloaded palette_derive v0.7.7
#12 4.808   Downloaded http-body-util v0.1.4
#12 4.810   Downloaded tokio-macros v2.6.1
#12 4.811   Downloaded xz2 v0.1.7
#12 4.813   Downloaded async-trait v0.1.89
#12 4.818   Downloaded base64ct v1.8.3
#12 4.821   Downloaded futures v0.3.32
#12 4.827   Downloaded shlex v1.3.0
#12 4.829   Downloaded anstyle-parse v1.0.0
#12 4.831   Downloaded tokio-rustls v0.26.4
#12 4.834   Downloaded tracing-attributes v0.1.31
#12 4.840   Downloaded getrandom v0.2.17
#12 4.844   Downloaded chrono-tz-build v0.3.0
#12 4.855   Downloaded castaway v0.2.4
#12 4.857   Downloaded futures-channel v0.3.32
#12 4.859   Downloaded strsim v0.11.1
#12 4.861   Downloaded strum v0.28.0
#12 4.862   Downloaded litemap v0.8.1
#12 4.865   Downloaded litrs v1.0.0
#12 4.868   Downloaded zeroize v1.8.2
#12 4.869   Downloaded zmij v1.0.21
#12 4.872   Downloaded untrusted v0.9.0
#12 4.873   Downloaded which v7.0.3
#12 4.876   Downloaded bitflags v1.3.2
#12 4.880   Downloaded hmac v0.12.1
#12 4.882   Downloaded which v6.0.3
#12 4.884   Downloaded block-buffer v0.10.4
#12 4.885   Downloaded once_cell v1.21.4
#12 4.888   Downloaded zstd-safe v5.0.2+zstd.1.5.2
#12 4.889   Downloaded walkdir v2.5.0
#12 4.891   Downloaded bit-vec v0.6.3
#12 4.893   Downloaded zerovec-derive v0.11.2
#12 4.906   Downloaded iana-time-zone v0.1.65
#12 4.909   Downloaded wezterm-input-types v0.1.0
#12 4.920   Downloaded anstream v1.0.0
#12 4.924   Downloaded httparse v1.10.1
#12 4.928   Downloaded percent-encoding v2.3.2
#12 4.929   Downloaded dirs v5.0.1
#12 4.930   Downloaded yoke v0.8.1
#12 4.932   Downloaded anstyle v1.0.14
#12 4.934   Downloaded zstd v0.11.2+zstd.1.5.2
#12 4.943   Downloaded fnv v1.0.7
#12 4.946   Downloaded thiserror-impl v1.0.69
#12 4.948   Downloaded autocfg v1.5.0
#12 4.950   Downloaded byteorder v1.5.0
#12 4.954   Downloaded phf_generator v0.11.3
#12 4.959   Downloaded toml v0.8.23
#12 4.962   Downloaded const-random v0.1.18
#12 4.964   Downloaded thiserror v1.0.69
#12 4.987   Downloaded powerfmt v0.2.0
#12 4.989   Downloaded document-features v0.2.12
#12 4.991   Downloaded rustc_version v0.4.1
#12 4.994   Downloaded serde_urlencoded v0.7.1
#12 4.996   Downloaded const-random-macro v0.1.16
#12 5.002   Downloaded rustversion v1.0.22
#12 5.005   Downloaded simd-adler32 v0.3.9
#12 5.007   Downloaded darling_macro v0.24.0
#12 5.015   Downloaded spin v0.5.2
#12 5.017   Downloaded stable_deref_trait v1.2.1
#12 5.018   Downloaded ignore v0.4.25
#12 5.022   Downloaded jobserver v0.1.34
#12 5.024   Downloaded num-traits v0.2.19
#12 5.033   Downloaded icu_properties v2.1.2
#12 5.036   Downloaded icu_provider v2.1.1
#12 5.073   Downloaded log v0.4.29
#12 5.092   Downloaded pbkdf2 v0.11.0
#12 5.099   Downloaded rand_pcg v0.10.2
#12 5.101   Downloaded clap_lex v1.1.0
#12 5.109   Downloaded pkg-config v0.3.32
#12 5.111   Downloaded strum_macros v0.28.0
#12 5.113   Downloaded ucd-trie v0.1.7
#12 5.114   Downloaded unicode-truncate v2.0.1
#12 5.116   Downloaded writeable v0.6.2
#12 5.118   Downloaded ahash v0.8.12
#12 5.120   Downloaded anyhow v1.0.104
#12 5.124   Downloaded bzip2 v0.4.4
#12 5.125   Downloaded dashmap v5.5.3
#12 5.128   Downloaded dirs-sys v0.4.1
#12 5.130   Downloaded displaydoc v0.2.5
#12 5.133   Downloaded getrandom v0.3.4
#12 5.136   Downloaded sha2 v0.10.9
#12 5.139   Downloaded synstructure v0.13.2
#12 5.140   Downloaded critical-section v1.2.0
#12 5.148   Downloaded getrandom v0.4.2
#12 5.151   Downloaded serde_derive v1.0.228
#12 5.154   Downloaded icu_normalizer v2.1.1
#12 5.158   Downloaded icu_normalizer_data v2.1.1
#12 5.160   Downloaded indicatif v0.18.6
#12 5.163   Downloaded miniz_oxide v0.8.9
#12 5.168   Downloaded tracing-core v0.1.36
#12 5.179   Downloaded icu_locale_core v2.1.1
#12 5.186   Downloaded signal-hook-mio v0.2.5
#12 5.192   Downloaded serde_spanned v0.6.9
#12 5.196   Downloaded quote v1.0.45
#12 5.202   Downloaded equivalent v1.0.2
#12 5.204   Downloaded password-hash v0.4.2
#12 5.205   Downloaded phf_macros v0.11.3
#12 5.206   Downloaded ratatui-termwiz v0.1.2
#12 5.207   Downloaded phf_codegen v0.11.3
#12 5.208   Downloaded crossbeam-utils v0.8.21
#12 5.211   Downloaded foldhash v0.2.0
#12 5.212   Downloaded signal-hook-registry v1.4.8
#12 5.214   Downloaded console v0.16.4
#12 5.218   Downloaded rand_core v0.10.1
#12 5.220   Downloaded siphasher v1.0.3
#12 5.221   Downloaded smartstring v1.0.1
#12 5.223   Downloaded convert_case v0.10.0
#12 5.225   Downloaded terminfo v0.9.0
#12 5.232   Downloaded potential_utf v0.1.4
#12 5.233   Downloaded crunchy v0.2.4
#12 5.258   Downloaded shell-words v1.1.1
#12 5.263   Downloaded cfg-if v1.0.4
#12 5.264   Downloaded cfg_aliases v0.2.2
#12 5.265   Downloaded cpufeatures v0.3.0
#12 5.273   Downloaded cpufeatures v0.2.17
#12 5.274   Downloaded errno v0.3.14
#12 5.369   Downloaded cron v0.12.1
#12 5.371   Downloaded deranged v0.5.8
#12 5.373   Downloaded filetime v0.2.27
#12 5.505   Downloaded tinyvec v1.12.0
#12 5.509   Downloaded allocator-api2 v0.2.21
#12 5.513   Downloaded slug v0.1.6
#12 5.514   Downloaded smallvec v1.15.1
#12 5.517   Downloaded crypto-common v0.1.7
#12 5.518   Downloaded memchr v2.8.0
#12 5.525   Downloaded phf_shared v0.11.3
#12 5.526   Downloaded minimal-lexical v0.2.1
#12 5.530   Downloaded icu_collections v2.1.1
#12 5.535   Downloaded unicode-ident v1.0.24
#12 5.539   Downloaded bytemuck v1.25.2
#12 5.542   Downloaded uuid v1.23.1
#12 5.545   Downloaded find-msvc-tools v0.1.9
#12 5.546   Downloaded fastrand v2.3.0
#12 5.568   Downloaded rustc-hash v2.1.1
#12 5.569   Downloaded same-file v1.0.6
#12 5.575   Downloaded wezterm-bidi v0.2.3
#12 5.577   Downloaded bitflags v2.13.1
#12 5.581   Downloaded fixedbitset v0.4.2
#12 5.583   Downloaded semver v1.0.27
#12 5.593   Downloaded rustls-webpki v0.103.13
#12 5.597   Downloaded spinning_top v0.3.0
#12 5.599   Downloaded quinn-udp v0.5.15
#12 5.601   Downloaded zerotrie v0.2.3
#12 5.613   Downloaded ratatui-macros v0.7.2
#12 5.616   Downloaded csscolorparser v0.6.2
#12 5.617   Downloaded rand_chacha v0.3.1
#12 5.624   Downloaded rustls-pki-types v1.15.1
#12 5.627   Downloaded subtle v2.6.1
#12 5.630   Downloaded thin-vec v0.2.18
#12 5.633   Downloaded env_home v0.1.0
#12 5.634   Downloaded filedescriptor v0.8.3
#12 5.635   Downloaded form_urlencoded v1.2.2
#12 5.636   Downloaded sync_wrapper v1.0.2
#12 5.637   Downloaded thiserror v2.0.19
#12 5.642   Downloaded clap_derive v4.6.0
#12 5.645   Downloaded colorchoice v1.0.5
#12 5.647   Downloaded clap_complete_nushell v4.6.0
#12 5.655   Downloaded pin-project-lite v0.2.17
#12 5.662   Downloaded dialoguer v0.11.0
#12 5.673   Downloaded crc32fast v1.5.0
#12 5.681   Downloaded ratatui-crossterm v0.1.2
#12 5.689   Downloaded phf v0.11.3
#12 5.690   Downloaded cipher v0.4.4
#12 5.692   Downloaded constant_time_eq v0.1.5
#12 5.693   Downloaded pest_meta v2.8.6
#12 5.700   Downloaded toml_edit v0.22.27
#12 5.704   Downloaded base64 v0.22.1
#12 5.712   Downloaded typenum v1.19.0
#12 5.719   Downloaded console v0.15.11
#12 5.724   Downloaded tempfile v3.27.0
#12 5.727   Downloaded ppv-lite86 v0.2.21
#12 5.734   Downloaded scopeguard v1.2.0
#12 5.745   Downloaded mio v1.2.0
#12 5.761   Downloaded http v1.5.0
#12 5.765   Downloaded hyper-util v0.1.20
#12 5.775   Downloaded rhai_codegen v3.1.0
#12 5.782   Downloaded digest v0.10.7
#12 5.785   Downloaded rand_core v0.6.4
#12 5.787   Downloaded termios v0.3.3
#12 5.789   Downloaded ratatui v0.30.2
#12 5.792   Downloaded clap_complete v4.6.0
#12 5.796   Downloaded flate2 v1.1.9
#12 5.800   Downloaded crossbeam-epoch v0.9.20
#12 5.809   Downloaded termina v0.3.3
#12 5.812   Downloaded darling_core v0.24.0
#12 5.829   Downloaded slab v0.4.12
#12 5.831   Downloaded either v1.15.0
#12 5.839   Downloaded indexmap v2.13.0
#12 5.844   Downloaded ryu v1.0.23
#12 5.868   Downloaded zip v0.6.6
#12 5.872   Downloaded bytes v1.11.1
#12 5.875   Downloaded nom v7.1.3
#12 5.892   Downloaded url v2.5.8
#12 5.895   Downloaded static_assertions v1.1.0
#12 5.899   Downloaded clap v4.6.0
#12 5.906   Downloaded euclid v0.22.14
#12 5.908   Downloaded cc v1.2.58
#12 5.911   Downloaded serde_core v1.0.228
#12 5.914   Downloaded chacha20 v0.10.1
#12 5.916   Downloaded crossbeam-deque v0.8.6
#12 5.917   Downloaded darling v0.24.0
#12 5.922   Downloaded governor v0.6.3
#12 5.926   Downloaded parse-zoneinfo v0.3.1
#12 5.931   Downloaded hashbrown v0.14.5
#12 5.967   Downloaded hashbrown v0.16.1
#12 5.972   Downloaded unicode-segmentation v1.13.2
#12 5.987   Downloaded proc-macro2 v1.0.106
#12 5.990   Downloaded parking_lot_core v0.9.12
#12 5.994   Downloaded icu_properties_data v2.1.2
#12 6.001   Downloaded rand v0.8.5
#12 6.004   Downloaded idna v1.1.0
#12 6.151   Downloaded tar v0.4.45
#12 6.155   Downloaded signal-hook v0.3.18
#12 6.159   Downloaded futures-util v0.3.32
#12 6.169   Downloaded hashbrown v0.17.1
#12 6.176   Downloaded compact_str v0.9.1
#12 6.200   Downloaded hyper v1.11.0
#12 6.207   Downloaded itertools v0.14.0
#12 6.214   Downloaded libm v0.2.16
#12 6.223   Downloaded socket2 v0.6.3
#12 6.225   Downloaded crossterm v0.29.0
#12 6.233   Downloaded tower v0.5.3
#12 6.244   Downloaded pest_generator v2.8.6
#12 6.245   Downloaded finl_unicode v1.4.0
#12 6.249   Downloaded pest_derive v2.8.6
#12 6.251   Downloaded aes v0.8.4
#12 6.255   Downloaded tera v1.20.1
#12 6.260   Downloaded fancy-regex v0.11.0
#12 6.264   Downloaded sharded-slab v0.1.7
#12 6.272   Downloaded serde v1.0.228
#12 6.304   Downloaded rand v0.10.2
#12 6.324   Downloaded tokio-util v0.7.18
#12 6.347   Downloaded derive_more v2.1.1
#12 6.412   Downloaded pest v2.8.6
#12 6.417   Downloaded derive_more-impl v2.1.1
#12 6.422   Downloaded quinn v0.11.11
#12 6.428   Downloaded mlua v0.9.9
#12 6.464   Downloaded ratatui-core v0.1.2
#12 6.472   Downloaded zerovec v0.11.5
#12 6.569   Downloaded winnow v0.7.15
#12 6.580   Downloaded aho-corasick v1.1.4
#12 6.587   Downloaded tower-http v0.6.11
#12 6.596   Downloaded clap_builder v4.6.0
#12 6.641   Downloaded palette v0.7.7
#12 6.660   Downloaded ratatui-widgets v0.3.2
#12 6.674   Downloaded tracing-subscriber v0.3.23
#12 6.687   Downloaded quinn-proto v0.11.16
#12 6.725   Downloaded portable-atomic v1.13.1
#12 6.743   Downloaded regex v1.12.3
#12 6.749   Downloaded reqwest v0.12.28
#12 6.755   Downloaded serde_json v1.0.149
#12 6.767   Downloaded nix v0.29.0
#12 6.785   Downloaded webpki-roots v1.0.9
#12 6.794   Downloaded chrono v0.4.44
#12 6.812   Downloaded time v0.3.47
#12 6.829   Downloaded deunicode v1.6.2
#12 6.839   Downloaded syn v2.0.117
#12 6.898   Downloaded unicode-width v0.2.0
#12 6.904   Downloaded chrono-tz v0.9.0
#12 6.911   Downloaded syn v3.0.3
#12 6.923   Downloaded syn v1.0.109
#12 6.934   Downloaded regex-syntax v0.8.10
#12 6.943   Downloaded zerocopy v0.8.47
#12 7.035   Downloaded bstr v1.12.1
#12 7.255   Downloaded rhai v1.24.0
#12 7.265   Downloaded termwiz v0.23.3
#12 7.339   Downloaded rustix v0.38.44
#12 7.363   Downloaded rustls v0.23.43
#12 7.374   Downloaded rustix v1.1.4
#12 7.405   Downloaded tracing v0.1.44
#12 7.583   Downloaded bzip2-sys v0.1.13+1.0.8
#12 7.603   Downloaded regex-automata v0.4.14
#12 7.620   Downloaded lua-src v547.0.0
#12 7.646   Downloaded zstd-sys v2.0.16+zstd.1.5.7
#12 7.665   Downloaded tokio v1.50.0
#12 7.701   Downloaded lzma-sys v0.1.20
#12 7.729   Downloaded petgraph v0.6.5
#12 7.745   Downloaded libc v0.2.183
#12 8.013   Downloaded ring v0.17.14
#12 8.049   Downloaded luajit-src v210.5.12+a4f56a4
#12 8.293   Downloaded deltae v0.3.2
#12 8.320   Downloaded linux-raw-sys v0.4.15
#12 8.395   Downloaded linux-raw-sys v0.12.1
#12 8.622    Compiling libc v0.2.183
#12 8.622    Compiling proc-macro2 v1.0.106
#12 8.622    Compiling unicode-ident v1.0.24
#12 8.622    Compiling quote v1.0.45
#12 8.623    Compiling cfg-if v1.0.4
#12 8.623    Compiling find-msvc-tools v0.1.9
#12 8.628    Compiling shlex v1.3.0
#12 8.630    Compiling memchr v2.8.0
#12 8.634    Compiling portable-atomic v1.13.1
#12 8.637    Compiling version_check v0.9.5
#12 8.637    Compiling log v0.4.29
#12 8.641    Compiling pkg-config v0.3.32
#12 8.645    Compiling bitflags v2.13.1
#12 8.656    Compiling smallvec v1.15.1
#12 8.660    Compiling pin-project-lite v0.2.17
#12 8.664    Compiling itoa v1.0.18
#12 8.665    Compiling futures-core v0.3.32
#12 8.671    Compiling serde_core v1.0.228
#12 8.684    Compiling stable_deref_trait v1.2.1
#12 8.685    Compiling typenum v1.19.0
#12 8.819    Compiling foldhash v0.2.0
#12 8.828    Compiling allocator-api2 v0.2.21
#12 8.829    Compiling equivalent v1.0.2
#12 8.882    Compiling futures-sink v0.3.32
#12 8.936    Compiling autocfg v1.5.0
#12 8.985    Compiling bytes v1.11.1
#12 9.073    Compiling futures-channel v0.3.32
#12 9.093    Compiling serde v1.0.228
#12 9.114    Compiling slab v0.4.12
#12 9.194    Compiling futures-io v0.3.32
#12 9.213    Compiling futures-task v0.3.32
#12 9.250    Compiling subtle v2.6.1
#12 9.277    Compiling heck v0.5.0
#12 9.360    Compiling generic-array v0.14.7
#12 9.460    Compiling unicode-width v0.2.0
#12 9.552    Compiling rustix v1.1.4
#12 9.552    Compiling zerocopy v0.8.47
#12 9.579    Compiling writeable v0.6.2
#12 9.587    Compiling rustversion v1.0.22
#12 9.611    Compiling litemap v0.8.1
#12 9.643    Compiling siphasher v1.0.3
#12 9.692    Compiling rand_core v0.6.4
#12 9.733    Compiling either v1.15.0
#12 9.895    Compiling hashbrown v0.16.1
#12 10.01    Compiling phf_shared v0.11.3
#12 10.05    Compiling static_assertions v1.1.0
#12 10.06    Compiling num-traits v0.2.19
#12 10.06    Compiling icu_properties_data v2.1.2
#12 10.14    Compiling aho-corasick v1.1.4
#12 10.15    Compiling strsim v0.11.1
#12 10.18    Compiling regex-syntax v0.8.10
#12 10.23    Compiling linux-raw-sys v0.12.1
#12 10.25    Compiling zeroize v1.8.2
#12 10.36    Compiling icu_normalizer_data v2.1.1
#12 10.40    Compiling ident_case v1.0.1
#12 10.40    Compiling percent-encoding v2.3.2
#12 10.63    Compiling scopeguard v1.2.0
#12 10.67    Compiling thiserror v2.0.19
#12 10.68    Compiling parking_lot_core v0.9.12
#12 10.71    Compiling ryu v1.0.23
#12 11.06    Compiling lock_api v0.4.14
#12 11.41    Compiling once_cell v1.21.4
#12 11.42    Compiling http v1.5.0
#12 11.50    Compiling syn v2.0.117
#12 11.51    Compiling syn v3.0.3
#12 11.65    Compiling rand v0.8.5
#12 11.73    Compiling crunchy v0.2.4
#12 11.76    Compiling crossbeam-utils v0.8.21
#12 11.82    Compiling errno v0.3.14
#12 11.89    Compiling getrandom v0.2.17
#12 11.98    Compiling mio v1.2.0
#12 12.18    Compiling signal-hook-registry v1.4.8
#12 12.23    Compiling socket2 v0.6.3
#12 12.48    Compiling unicode-segmentation v1.13.2
#12 12.92    Compiling tracing-core v0.1.36
#12 13.52    Compiling jobserver v0.1.34
#12 13.59    Compiling phf_generator v0.11.3
#12 13.91    Compiling crypto-common v0.1.7
#12 13.93    Compiling castaway v0.2.4
#12 14.08    Compiling block-buffer v0.10.4
#12 14.20    Compiling rustls-pki-types v1.15.1
#12 14.35    Compiling cc v1.2.58
#12 14.50    Compiling itertools v0.14.0
#12 14.64    Compiling hashbrown v0.17.1
#12 14.65    Compiling utf8parse v0.2.2
#12 14.68    Compiling http-body v1.1.0
#12 14.93    Compiling untrusted v0.9.0
#12 15.19    Compiling regex-automata v0.4.14
#12 15.88    Compiling tiny-keccak v2.0.2
#12 16.26    Compiling env_home v0.1.0
#12 16.54    Compiling powerfmt v0.2.0
#12 16.62    Compiling crossbeam-epoch v0.9.20
#12 16.65    Compiling signal-hook v0.3.18
#12 16.71    Compiling instability v0.3.13
#12 17.11    Compiling httparse v1.10.1
#12 17.17    Compiling deranged v0.5.8
#12 17.32    Compiling convert_case v0.10.0
#12 17.37    Compiling anstyle-parse v1.0.0
#12 17.39    Compiling digest v0.10.7
#12 17.97    Compiling compact_str v0.9.1
#12 18.00    Compiling phf_codegen v0.11.3
#12 18.48    Compiling phf v0.11.3
#12 18.59    Compiling bstr v1.12.1
#12 18.77    Compiling indoc v2.0.7
#12 19.08    Compiling lru v0.18.2
#12 19.20    Compiling zmij v1.0.21
#12 19.24    Compiling cpufeatures v0.2.17
#12 19.24    Compiling anstyle-query v1.1.5
#12 19.56    Compiling time-core v0.1.8
#12 19.65    Compiling ucd-trie v0.1.7
#12 20.06    Compiling num_threads v0.1.7
#12 20.19    Compiling critical-section v1.2.0
#12 20.40    Compiling anstyle v1.0.14
#12 20.62    Compiling rustls v0.23.43
#12 20.67    Compiling is_terminal_polyfill v1.70.2
#12 20.86    Compiling tower-service v0.3.3
#12 20.90    Compiling num-conv v0.2.1
#12 21.11    Compiling colorchoice v1.0.5
#12 21.16    Compiling getrandom v0.4.2
#12 21.29    Compiling try-lock v0.2.5
#12 21.48    Compiling regex v1.12.3
#12 21.52    Compiling anstream v1.0.0
#12 21.55    Compiling want v0.3.1
#12 21.97    Compiling lua-src v547.0.0
#12 22.23    Compiling ring v0.17.14
#12 22.54    Compiling zstd-sys v2.0.16+zstd.1.5.7
#12 22.71    Compiling parse-zoneinfo v0.3.1
#12 22.79    Compiling which v7.0.3
#12 22.97    Compiling pest v2.8.6
#12 23.05    Compiling bzip2-sys v0.1.13+1.0.8
#12 23.18    Compiling parking_lot v0.12.5
#12 23.34    Compiling luajit-src v210.5.12+a4f56a4
#12 23.61    Compiling form_urlencoded v1.2.2
#12 23.65    Compiling zstd-safe v5.0.2+zstd.1.5.2
#12 23.65    Compiling iana-time-zone v0.1.65
#12 24.18    Compiling unicode-truncate v2.0.1
#12 24.33    Compiling chrono-tz-build v0.3.0
#12 24.55    Compiling utf8_iter v1.0.4
#12 24.63    Compiling same-file v1.0.6
#12 24.78    Compiling time v0.3.47
#12 24.82    Compiling crc32fast v1.5.0
#12 24.87    Compiling clap_lex v1.1.0
#12 24.90    Compiling atomic-waker v1.1.2
#12 25.16    Compiling libm v0.2.16
#12 25.17    Compiling litrs v1.0.0
#12 25.43    Compiling serde_json v1.0.149
#12 25.92    Compiling getrandom v0.3.4
#12 26.00    Compiling const-random-macro v0.1.16
#12 26.03    Compiling clap_builder v4.6.0
#12 26.10    Compiling walkdir v2.5.0
#12 26.19    Compiling mlua-sys v0.6.8
#12 26.43    Compiling chrono-tz v0.9.0
#12 26.97    Compiling signal-hook-mio v0.2.5
#12 26.99    Compiling crossbeam-deque v0.8.6
#12 27.24    Compiling lzma-sys v0.1.20
#12 27.35    Compiling inout v0.1.4
#12 27.50    Compiling indexmap v2.13.0
#12 27.57    Compiling smartstring v1.0.1
#12 27.65    Compiling ahash v0.8.12
#12 27.76    Compiling pest_meta v2.8.6
#12 27.85    Compiling line-clipping v0.3.8
#12 28.01    Compiling darling_core v0.24.0
#12 28.07    Compiling sync_wrapper v1.0.2
#12 28.32    Compiling synstructure v0.13.2
#12 28.35    Compiling document-features v0.2.12
#12 28.35    Compiling base64ct v1.8.3
#12 28.36    Compiling adler2 v2.0.1
#12 28.41    Compiling simd-adler32 v0.3.9
#12 28.74    Compiling base64 v0.22.1
#12 28.77    Compiling lazy_static v1.5.0
#12 28.91    Compiling tower-layer v0.3.3
#12 29.20    Compiling thiserror v1.0.69
#12 29.42    Compiling rustix v0.38.44
#12 29.46    Compiling ipnet v2.12.0
#12 29.80    Compiling password-hash v0.4.2
#12 29.95    Compiling miniz_oxide v0.8.9
#12 30.62    Compiling cipher v0.4.4
#12 30.68    Compiling pest_generator v2.8.6
#12 30.89    Compiling const-random v0.1.18
#12 31.95    Compiling ppv-lite86 v0.2.21
#12 32.04    Compiling sha2 v0.10.9
#12 32.40    Compiling hmac v0.12.1
#12 32.87    Compiling webpki-roots v1.0.9
#12 33.13    Compiling rand_chacha v0.3.1
#12 33.17    Compiling deunicode v1.6.2
#12 34.21    Compiling toml_write v0.1.2
#12 34.69    Compiling minimal-lexical v0.2.1
#12 34.75    Compiling fastrand v2.3.0
#12 35.06    Compiling winnow v0.7.15
#12 35.09    Compiling linux-raw-sys v0.4.15
#12 35.38    Compiling option-ext v0.2.0
#12 35.57    Compiling anyhow v1.0.104
#12 35.61    Compiling thiserror-impl v2.0.19
#12 35.64    Compiling dirs-sys v0.4.1
#12 36.56    Compiling zerofrom-derive v0.1.6
#12 36.56    Compiling yoke-derive v0.8.1
#12 36.67    Compiling zerovec-derive v0.11.2
#12 36.69    Compiling displaydoc v0.2.5
#12 36.80    Compiling futures-macro v0.3.32
#12 37.13    Compiling serde_derive v1.0.228
#12 37.78    Compiling tokio-macros v2.6.1
#12 39.04    Compiling futures-util v0.3.32
#12 39.11    Compiling strum_macros v0.28.0
#12 39.27    Compiling tracing-attributes v0.1.31
#12 40.19    Compiling derive_more-impl v2.1.1
#12 40.29    Compiling tokio v1.50.0
#12 40.66    Compiling kasuari v0.4.12
#12 41.53    Compiling globset v0.4.18
#12 41.67    Compiling zerofrom v0.1.6
#12 41.71    Compiling darling_macro v0.24.0
#12 42.13    Compiling clap_derive v4.6.0
#12 42.33    Compiling yoke v0.8.1
#12 42.98    Compiling darling v0.24.0
#12 43.49    Compiling thiserror-impl v1.0.69
#12 43.77    Compiling zerovec v0.11.5
#12 44.67    Compiling zerotrie v0.2.3
#12 44.87    Compiling tracing v0.1.44
#12 45.58    Compiling derive_more v2.1.1
#12 45.72    Compiling crossterm v0.29.0
#12 46.04    Compiling ignore v0.4.25
#12 46.23    Compiling bzip2 v0.4.4
#12 46.77    Compiling tinystr v0.8.2
#12 46.92    Compiling potential_utf v0.1.4
#12 47.01    Compiling matchers v0.2.0
#12 47.47    Compiling humansize v2.1.3
#12 47.53    Compiling icu_locale_core v2.1.1
#12 47.75    Compiling icu_collections v2.1.1
#12 47.85    Compiling pest_derive v2.8.6
#12 49.13    Compiling rhai_codegen v3.1.0
#12 49.77    Compiling nom v7.1.3
#12 50.93    Compiling strum v0.28.0
#12 51.22    Compiling ratatui-core v0.1.2
#12 51.87    Compiling icu_provider v2.1.1
#12 52.49    Compiling globwalk v0.9.1
#12 53.63    Compiling icu_normalizer v2.1.1
#12 53.85    Compiling icu_properties v2.1.2
#12 54.04    Compiling clap v4.6.0
#12 54.24    Compiling clap_complete v4.6.0
#12 55.50    Compiling futures-executor v0.3.32
#12 55.75    Compiling tempfile v3.27.0
#12 56.41    Compiling futures v0.3.32
#12 56.56    Compiling slug v0.1.6
#12 56.65    Compiling pbkdf2 v0.11.0
#12 56.70    Compiling flate2 v1.1.9
#12 57.29    Compiling aes v0.8.4
#12 57.86    Compiling sharded-slab v0.1.7
#12 58.34    Compiling xattr v1.6.1
#12 58.37    Compiling sha1 v0.10.6
#12 58.72    Compiling idna_adapter v1.2.1
#12 58.91    Compiling ratatui-widgets v0.3.2
#12 59.08    Compiling idna v1.1.0
#12 59.51    Compiling chrono v0.4.44
#12 59.67    Compiling toml_datetime v0.6.11
#12 59.85    Compiling serde_spanned v0.6.9
#12 60.21    Compiling serde_urlencoded v0.7.1
#12 60.44    Compiling ratatui-crossterm v0.1.2
#12 60.48    Compiling http-body-util v0.1.4
#12 61.17    Compiling url v2.5.8
#12 61.22    Compiling toml_edit v0.22.27
#12 61.57    Compiling tracing-log v0.2.0
#12 61.96    Compiling console v0.15.11
#12 62.10    Compiling filetime v0.2.27
#12 62.14    Compiling console v0.16.4
#12 62.56    Compiling spinning_top v0.3.0
#12 62.88    Compiling thread_local v1.1.9
#12 63.16    Compiling constant_time_eq v0.1.5
#12 63.55    Compiling no-std-compat v0.4.1
#12 63.55    Compiling byteorder v1.5.0
#12 63.57    Compiling match_cfg v0.1.0
#12 63.72    Compiling home v0.5.12
#12 63.78    Compiling shell-words v1.1.1
#12 64.30    Compiling futures-timer v3.0.3
#12 64.31    Compiling fixedbitset v0.4.2
#12 64.58    Compiling hashbrown v0.14.5
#12 65.36    Compiling thin-vec v0.2.18
#12 65.71    Compiling rustc-hash v2.1.1
#12 65.85    Compiling nonzero_ext v0.3.0
#12 65.99    Compiling nu-ansi-term v0.50.3
#12 66.29    Compiling unit-prefix v0.5.2
#12 66.72    Compiling indicatif v0.18.6
#12 66.78    Compiling governor v0.6.3
#12 67.21    Compiling rhai v1.24.0
#12 67.23    Compiling dashmap v5.5.3
#12 67.23    Compiling tracing-subscriber v0.3.23
#12 67.29    Compiling petgraph v0.6.5
#12 67.31    Compiling cron v0.12.1
#12 67.60    Compiling ratatui-macros v0.7.2
#12 67.80    Compiling dialoguer v0.11.0
#12 67.89    Compiling ratatui v0.30.2
#12 69.22    Compiling hyper v1.11.0
#12 69.25    Compiling tower v0.5.3
#12 69.51    Compiling tokio-util v0.7.18
#12 70.96    Compiling rustls-webpki v0.103.13
#12 71.80    Compiling tower-http v0.6.11
#12 72.45    Compiling hyper-util v0.1.20
#12 74.49    Compiling toml v0.8.23
#12 75.14    Compiling which v6.0.3
#12 75.82    Compiling hostname v0.3.1
#12 76.17    Compiling tera v1.20.1
#12 76.72    Compiling tar v0.4.45
#12 76.75    Compiling clap_complete_nushell v4.6.0
#12 76.85    Compiling async-trait v0.1.89
#12 77.03    Compiling dirs v5.0.1
#12 77.84    Compiling uuid v1.23.1
#12 78.08    Compiling fs2 v0.4.3
#12 78.47    Compiling hex v0.4.3
#12 78.79    Compiling version-compare v0.1.1
#12 79.45    Compiling semver v1.0.27
#12 81.36    Compiling xz2 v0.1.7
#12 86.29    Compiling mlua v0.9.9
#12 99.60    Compiling tokio-rustls v0.26.4
#12 100.4    Compiling hyper-rustls v0.27.9
#12 100.9    Compiling reqwest v0.12.28
#12 117.7    Compiling zstd v0.11.2+zstd.1.5.2
#12 118.3    Compiling zip v0.6.6
#12 125.7    Compiling shall v0.8.0 (/src)
#12 491.7     Finished `release` profile [optimized] target(s) in 8m 11s
#12 DONE 492.5s

#13 [stage-1 2/7] COPY --from=builder /usr/local/bin/shall /usr/local/bin/shall
#13 CACHED

#14 [stage-1 3/7] COPY docker/integration/retry.sh /usr/local/bin/retry
#14 CACHED

#15 [stage-1 4/7] COPY docker/integration/guix-entrypoint.sh /usr/local/bin/guix-entrypoint
#15 DONE 0.2s

#16 [stage-1 5/7] RUN chmod 0755 /usr/local/bin/retry /usr/local/bin/guix-entrypoint
#16 DONE 0.8s

#17 [stage-1 6/7] RUN mkdir -p /src/docker/integration
#17 DONE 0.7s

#18 [stage-1 7/7] WORKDIR /src
#18 DONE 0.3s

#19 exporting to image
#19 exporting layers
#19 exporting layers 1.3s done
#19 exporting manifest sha256:ebe17edffbc02c5b7af03b83f4a827eaa973c2df4713770d3886f7194ec7478c 0.1s done
#19 exporting config sha256:a9e65ca4ef2eb8e160d205135b903c36b72072a2fac30be4a6045b74e83e5b34 0.1s done
#19 exporting attestation manifest sha256:81d3092865e577263460ae6a0f3bc3149a25f1241bdd177934ca8709e2079b7f
#19 exporting attestation manifest sha256:81d3092865e577263460ae6a0f3bc3149a25f1241bdd177934ca8709e2079b7f 0.2s done
#19 exporting manifest list sha256:cd370ce4a6be2acf862701327351f48107802670a9845efe43efa9a82020cb7a
#19 exporting manifest list sha256:cd370ce4a6be2acf862701327351f48107802670a9845efe43efa9a82020cb7a 0.1s done
#19 naming to docker.io/library/shall-it-guix:latest 0.0s done
#19 unpacking to docker.io/library/shall-it-guix:latest
#19 unpacking to docker.io/library/shall-it-guix:latest 0.4s done
#19 DONE 2.4s
