guix-daemon up, socket after 1s
sh: warning: setlocale: LC_ALL: cannot change locale (C.utf8): No such file or directory
==============================================================
 Shall v7 harness — backend=guix package=hello
==============================================================
[1] Bootstrap
  PASS  init scaffolds the repo
  PASS  priority file exists
  PASS  priority names this backend
  PASS  active file exists
[2] Discovery / read-only verbs
  PASS  check health
  PASS  check drift
  PASS  plan (no changes yet) (rc=0)
  PASS  check parses the model (rc=2)
  PASS  check absent lists nothing
  PASS  protected lists guarded packages
  PASS  protected includes a system essential
[3] Dry-run safety
  PASS  sync --dry-run does not error
  PASS  a dry-run install shows a plan
  PASS  dry-run did NOT actually install hello (failed, as it must)
[4] purge-undeclared, before adopt (the state that makes it a test)
  PASS  purge-undeclared is refused on a machine Shall has not adopted (refused on purpose, exit 3)
  PASS  and it is the unadopted-machine ratio that refused
[5] Install
sh: warning: setlocale: LC_ALL: cannot change locale (C.utf8): No such file or directory
  PASS  install hello
  PASS  list shows hello
sh: warning: setlocale: LC_ALL: cannot change locale (C.utf8): No such file or directory
  PASS  guix: hello is on PATH (at /root/.guix-profile/bin/hello)
[6] Idempotency
  PASS  second sync is a no-op (exit 0)
[7] Negative path
  PASS  installing a nonexistent package fails (failed, as it must)
  PASS  a failed install leaves the model parseable
  PASS  the unresolvable name is out of the manifest (failed, as it must)
[8] Adopt
  PASS  nothing is adopted before adopt runs (failed, as it must)
  PASS  adopt takes manual packages
[9] The guard
        guard victim: bash (from `shall protected`, and installed here)
  PASS  bash survives an uninstall attempt
  PASS  purge-undeclared is still not a silent mass-delete after adopt (refused on purpose, exit 3)
  PASS  and the refusal after adopt still names its rule
[10] Remove
  PASS  uninstall hello
  PASS  hello binary gone after uninstall (failed, as it must)
[11] Git history + rollback
sh: warning: setlocale: LC_ALL: cannot change locale (C.utf8): No such file or directory
  PASS  git init enables manifest history
  PASS  git status reads the repo
  PASS  an install after git init succeeds
  PASS  the install left a commit behind
  PASS  git log shows a shall commit
  PASS  git commit records the current state on demand
  PASS  diff against a commit runs
  PASS  rollback to HEAD is accepted
[12] rebuild
  PASS  bare rebuild is accepted, not refused (K2)
  PASS  bare rebuild warns it will rebuild EVERY declared package (K2)
sh: warning: setlocale: LC_ALL: cannot change locale (C.utf8): No such file or directory
  PASS  there is history for a rebuild to leave alone
  PASS  rebuild hello runs
  PASS  hello is reinstalled, not left removed
        commits before=2 after=2
sh: warning: setlocale: LC_ALL: cannot change locale (C.utf8): No such file or directory
  PASS  rebuild wrote no git commit (K14)
[13] Chains and the per-host lock
        lock file: /tmp/shall-it-config/locks/bare.bb8c2ce7f84d.toml
  PASS  the lock is named for this host
  PASS  an unpinned name froze to guix
  PASS  sync ignores another host's lock file
  PASS  and leaves it alone
  PASS  a chain is legal
  PASS  a chain may end in list
  PASS  list alone is legal
  PASS  an empty slot is refused (refused, saying so)
  PASS  an unknown link is refused (refused, saying so)
  PASS  list must come last (refused, saying so)
  PASS  a name repeated is refused (refused, saying so)
  PASS  a pattern cannot span one (refused, saying so)
  PASS  a pin to a manager this host lacks is not silent (failed, as it must)
  PASS  unlock backends --list names the frozen package
  PASS  unlock backends forgets one name
  PASS  the entry is really gone (failed, as it must)
  PASS  unlocking a name that was never frozen is not an error
[13b] Silence is not a no
  soft  no cargo in this image — cannot stage a manager that fails to answer
[14] Real lifecycle, every other manager on this image
        READY backends: appimage apt github guix link service web 
  soft  appimage: no real lifecycle here — needs FUSE, which a plain container does not have — smoked in 15
  soft  apt: READY here and this harness has no canary — it falls through to the plan-smoke, which is weaker than this image could give
    -- github:sharkdp/fd
sh: warning: setlocale: LC_ALL: cannot change locale (C.utf8): No such file or directory
  PASS  github installed sharkdp/fd for real
  PASS  github: list shows fd
sh: warning: setlocale: LC_ALL: cannot change locale (C.utf8): No such file or directory
  PASS  github: fd is not on PATH, and the install said so, naming /root/.local/bin
  PASS  github: uninstall sharkdp/fd
  PASS  github: fd is gone from list (failed, as it must)
sh: warning: setlocale: LC_ALL: cannot change locale (C.utf8): No such file or directory
  PASS  github: fd is gone
        link: driven as a dependent statement — section 14b: declared, synced, asserted on disk, undeclared, gone
        service: driven as a dependent statement — section 14c: SysVinit enable+start, asserted in /etc/rc?.d and by the daemon, then disable+stop
  soft  web: no real lifecycle here — installs from a pasted URL; no stable public canary — smoked in 15
[14b] A dependent statement driven for real: link:
  PASS  the link target does not exist before sync
  PASS  sync applies a declared link
  PASS  the declared link is a symlink on disk
  PASS  and it resolves to the declared source
  PASS  sync tears down a link whose declaration is gone
  PASS  the link is gone from disk
[14c] shim:, dotfiles: and exec: driven for real
  PASS  the package the shim wraps is installed
  PASS  no shim exists before the sync that deploys it
  PASS  sync deploys a declared shim
  PASS  the shim is on disk
  PASS  the shim is byte-identical to the shall binary
  PASS  running the shim reaches the real tool
  PASS  sync removes a shim whose declaration is gone
  PASS  the shim is gone from disk
  PASS  the wrapped package uninstalls
  PASS  the tree's destinations are empty before sync
  PASS  sync places a declared dotfiles tree
  PASS  a top-level file is placed
  PASS  a NESTED file keeps its path under the target
  PASS  the placed file resolves to the tree's copy
  PASS  sync tears down a tree whose declaration is gone
  PASS  every file the tree placed is gone
  PASS  including the nested one
  PASS  an unapproved exec: refuses the sync (refused, saying so)
  PASS  and the unapproved script did NOT run
  PASS  shall lock approves it
  PASS  sync runs an approved exec:
  PASS  the script really ran
  PASS  a second sync is clean under @runs=1
  PASS  and the script did not run a second time
  PASS  sync undoes an exec: whose line has gone
  PASS  the @undo= really ran
  soft  service: no SysVinit here (update-rc.d + service on a Debian-family image) — plan-smoked in 15
[15] Plan-smoke, every backend this image cannot run
        registered backends: 56
  PASS  check health --json enumerates the registry
  PASS  apk: a dry-run install plans apk:hello
  PASS  appimage: a dry-run install plans appimage:https://example.invalid/tool.AppImage
  PASS  apt: a dry-run install plans apt:hello
  PASS  asdf: a dry-run install plans asdf:hello
  PASS  brew: a dry-run install plans brew:hello
  PASS  btrfs: the snapshot verb runs
  PASS  bun: a dry-run install plans bun:hello
  PASS  cabal: a dry-run install plans cabal:hello
  PASS  cargo: a dry-run install plans cargo:hello
  PASS  composer: a dry-run install plans composer:psr/log
  PASS  conda: a dry-run install plans conda:hello
  PASS  dnf: a dry-run install plans dnf:hello
  PASS  dotnet: a dry-run install plans dotnet:hello
  PASS  emacs: a dry-run install plans emacs:hello
  PASS  emerge: a dry-run install plans emerge:app-misc/jq
  PASS  eopkg: a dry-run install plans eopkg:hello
  PASS  flatpak: a dry-run install plans flatpak:org.freedesktop.Platform
  PASS  gem: a dry-run install plans gem:hello
  PASS  go: a dry-run install plans go:golang.org/x/example/hello
  PASS  helm: a dry-run install plans helm:secrets@url=https://github.com/jkroepke/helm-secrets,unverified
  PASS  krew: a dry-run install plans krew:hello
  PASS  luarocks: a dry-run install plans luarocks:hello
  PASS  lvm: a dry-run install plans lvm:hello
  PASS  mise: a dry-run install plans mise:hello
  PASS  mix: a dry-run install plans mix:hello
  PASS  nimble: a dry-run install plans nimble:hello
  PASS  nix: a dry-run install plans nix:hello
  PASS  npm: a dry-run install plans npm:hello
  PASS  opam: a dry-run install plans opam:hello
  PASS  pacman: a dry-run install plans pacman:hello
  PASS  paru: a dry-run install plans paru:hello
  PASS  pip: a dry-run install plans pip:hello
  PASS  pipx: a dry-run install plans pipx:hello
  PASS  pixi: a dry-run install plans pixi:hello
  PASS  pkg: a dry-run install plans pkg:hello
  PASS  pkg_add: a dry-run install plans pkg_add:hello
  PASS  pkgin: a dry-run install plans pkgin:hello
  PASS  pnpm: a dry-run install plans pnpm:hello
  PASS  pub: a dry-run install plans pub:hello
  PASS  service: a service statement parses (rc=2)
  PASS  service: and reaches a plan
  PASS  setting: a setting statement parses (rc=2)
  PASS  setting: and reaches a plan
  PASS  slackpkg: a dry-run install plans slackpkg:hello
  PASS  snap: a dry-run install plans snap:hello
  PASS  spack: a dry-run install plans spack:hello
  PASS  stack: a dry-run install plans stack:hello
  PASS  uv: a dry-run install plans uv:hello
  PASS  vscode: a dry-run install plans vscode:ms-python.python
  PASS  web: a dry-run install plans web:https://example.invalid/tool.tar.gz
  PASS  xbps: a dry-run install plans xbps:hello
  PASS  yarn: a dry-run install plans yarn:hello
  PASS  yay: a dry-run install plans yay:hello
  PASS  zfs: a dry-run install plans zfs:hello
  PASS  zypper: a dry-run install plans zypper:hello
[16] Command surface, executed
  PASS  vars resolves this machine's variables
  PASS  eval prints a versioned document
  PASS  eval emits valid JSON
  PASS  repl evaluates a piped session and exits on EOF (U34)
  PASS  try refuses when there is no container runtime (refused on purpose, exit 3)
  PASS  try's refusal names what is missing
  PASS  check unmanaged lists what Shall does not manage
  PASS  path prints the config repo
  PASS  path --explain says which source won
  PASS  config show prints the active configuration
  PASS  policy checks the desired state against [guard]
  PASS  check conflicts reports cross-backend conflicts
  PASS  check approvals is clean with no hooks
  PASS  adapters names every surface it knows
  PASS  adapters says an unextended machine has extended nothing
  PASS  adapters refuses a name that is not a surface, and lists the real ones
  PASS  an adapter file nobody approved is reported unapproved
  PASS  a table nobody opens is 'no rows', not 'in use'
  PASS  a row of the right kind is in force
  PASS  an unreadable adapter file is reported malformed
  PASS  a malformed adapter warns, naming the file, and the sync goes on
  PASS  check adapters names a file that is not in force
  PASS  check adapters is clean once the file is gone
  PASS  add vendors a module from a local source
  PASS  add brought the module file in
  PASS  add refuses a source that does not exist (failed, as it must)
  PASS  sbom emits a bill of materials
  PASS  completions bash generates a script
  PASS  profile list
  PASS  profile active
  PASS  profile create scaffolds one
  PASS  profile show reads it back
  PASS  module list
  PASS  module create scaffolds one
  PASS  module show reads it back
  PASS  snapshot list
  PASS  schedule list
  PASS  service list
  PASS  repo list says which backends cannot enumerate
  PASS  list enumerates what is installed
  PASS  hooks status says which managers are hookable
  PASS  hooks shell-init prints the wrapper functions
  PASS  heal had nothing to recover and said nothing
  PASS  clean-cache frees archives without removing a package
  PASS  update refreshes repository metadata
  PASS  watch --once runs a single unattended reconcile
  PASS  search finds something
  PASS  info reads a package's metadata
  PASS  why explains a package's provenance
  PASS  lock records installed versions
  PASS  upgrade --dry-run previews
  PASS  remove-orphans previews without removing
  PASS  activate converges onto the named profiles
  PASS  deactivate previews dropping one
  PASS  hold pins a package against bulk upgrade
  PASS  unhold releases it
  PASS  teleport previews moving a package between managers
  PASS  unmanage forgets a package without uninstalling it
  PASS  hello is still installed after unmanage
  PASS  check security scans for vulnerabilities
  PASS  export writes native manifests
  PASS  run executes inside an ephemeral environment
  PASS  plan freezes a reviewable file (rc=2)
  PASS  the plan file exists
  PASS  apply reads a saved plan
  PASS  edit opens a file in $EDITOR
  PASS  reset refuses while a config repo still exists (refused on purpose, exit 3)
  PASS  and says --force is what overrides it
  PASS  self-upgrade --check reports the version and source
[16b] bundle → restore
  PASS  bundle packs the config
  PASS  the bundle directory exists
  PASS  restore into a clean config directory
  PASS  the restored model parses (rc=2)
  PASS  restore refuses a config directory that is not empty (refused on purpose, exit 3)
  PASS  and --force overrides it
[16c] --help across the surface
  PASS  `activate --help` exists
  PASS  `adapters --help` exists
  PASS  `add --help` exists
  PASS  `adopt --help` exists
  PASS  `apply --help` exists
  PASS  `bisect --help` exists
  PASS  `bundle --help` exists
  PASS  `check --help` exists
  PASS  `clean-cache --help` exists
  PASS  `completions --help` exists
  PASS  `config --help` exists
  PASS  `deactivate --help` exists
  PASS  `diff --help` exists
  PASS  `edit --help` exists
  PASS  `eval --help` exists
  PASS  `export --help` exists
  PASS  `fleet --help` exists
  PASS  `git --help` exists
  PASS  `heal --help` exists
  PASS  `history --help` exists
  PASS  `hold --help` exists
  PASS  `hooks --help` exists
  PASS  `info --help` exists
  PASS  `init --help` exists
  PASS  `install --help` exists
  PASS  `list --help` exists
  PASS  `lock --help` exists
  PASS  `module --help` exists
  PASS  `path --help` exists
  PASS  `plan --help` exists
  PASS  `policy --help` exists
  PASS  `profile --help` exists
  PASS  `protected --help` exists
  PASS  `purge-undeclared --help` exists
  PASS  `rebuild --help` exists
  PASS  `remove-orphans --help` exists
  PASS  `repl --help` exists
  PASS  `repo --help` exists
  PASS  `reset --help` exists
  PASS  `restore --help` exists
  PASS  `rollback --help` exists
  PASS  `run --help` exists
  PASS  `sbom --help` exists
  PASS  `schedule --help` exists
  PASS  `search --help` exists
  PASS  `self-upgrade --help` exists
  PASS  `service --help` exists
  PASS  `shell --help` exists
  PASS  `snapshot --help` exists
  PASS  `sync --help` exists
  PASS  `teleport --help` exists
  PASS  `try --help` exists
  PASS  `unhold --help` exists
  PASS  `uninstall --help` exists
  PASS  `unlock --help` exists
  PASS  `unmanage --help` exists
  PASS  `update --help` exists
  PASS  `upgrade --help` exists
  PASS  `vars --help` exists
  PASS  `watch --help` exists
  PASS  `why --help` exists
[16d] SIGKILL mid-transaction, then heal
sh: warning: setlocale: LC_ALL: cannot change locale (C.utf8): No such file or directory
sh: warning: setlocale: LC_ALL: cannot change locale (C.utf8): No such file or directory
sh: warning: setlocale: LC_ALL: cannot change locale (C.utf8): No such file or directory
  PASS  journal: an ordinary run left nothing open in the write-ahead log (9 recorded, 0 failed-and-retryable)
  PASS  heal: an operation it cannot act on is named rather than skipped in silence
  PASS  heal: and it says so in the exit code rather than reporting success
sh: warning: setlocale: LC_ALL: cannot change locale (C.utf8): No such file or directory
sh: warning: setlocale: LC_ALL: cannot change locale (C.utf8): No such file or directory
sh: warning: setlocale: LC_ALL: cannot change locale (C.utf8): No such file or directory
  PASS  crash/heal: the control sync installs all 3 canaries ( pv dos2unix ncdu)
sh: warning: setlocale: LC_ALL: cannot change locale (C.utf8): No such file or directory
sh: warning: setlocale: LC_ALL: cannot change locale (C.utf8): No such file or directory
sh: warning: setlocale: LC_ALL: cannot change locale (C.utf8): No such file or directory
sh: warning: setlocale: LC_ALL: cannot change locale (C.utf8): No such file or directory
sh: warning: setlocale: LC_ALL: cannot change locale (C.utf8): No such file or directory
sh: warning: setlocale: LC_ALL: cannot change locale (C.utf8): No such file or directory
sh: warning: setlocale: LC_ALL: cannot change locale (C.utf8): No such file or directory
sh: warning: setlocale: LC_ALL: cannot change locale (C.utf8): No such file or directory
sh: warning: setlocale: LC_ALL: cannot change locale (C.utf8): No such file or directory
  PASS  crash/open: SIGKILL left 3 newly-opened operation(s) in the write-ahead log (3 open in all), with 0 of 3 canaries on disk
  PASS  crash/open: heal recovered the interrupted operation(s)
  PASS  crash/open: heal's report is in the user's words, not the journal's
  PASS  crash/open: nothing is open in the log that heal did not name
  PASS  crash/open: the model still parses after the crash (rc=2)
sh: warning: setlocale: LC_ALL: cannot change locale (C.utf8): No such file or directory
sh: warning: setlocale: LC_ALL: cannot change locale (C.utf8): No such file or directory
sh: warning: setlocale: LC_ALL: cannot change locale (C.utf8): No such file or directory
  PASS  crash/open: every canary the crash left on the machine is under Shall management
sh: warning: setlocale: LC_ALL: cannot change locale (C.utf8): No such file or directory
sh: warning: setlocale: LC_ALL: cannot change locale (C.utf8): No such file or directory
sh: warning: setlocale: LC_ALL: cannot change locale (C.utf8): No such file or directory
  PASS  crash/open: the sync after the crash converged onto all 3 canaries
  PASS  crash/open: and the preview after that plans no change at all
sh: warning: setlocale: LC_ALL: cannot change locale (C.utf8): No such file or directory
sh: warning: setlocale: LC_ALL: cannot change locale (C.utf8): No such file or directory
sh: warning: setlocale: LC_ALL: cannot change locale (C.utf8): No such file or directory
sh: warning: setlocale: LC_ALL: cannot change locale (C.utf8): No such file or directory
sh: warning: setlocale: LC_ALL: cannot change locale (C.utf8): No such file or directory
sh: warning: setlocale: LC_ALL: cannot change locale (C.utf8): No such file or directory
sh: warning: setlocale: LC_ALL: cannot change locale (C.utf8): No such file or directory
sh: warning: setlocale: LC_ALL: cannot change locale (C.utf8): No such file or directory
sh: warning: setlocale: LC_ALL: cannot change locale (C.utf8): No such file or directory
  PASS  crash/open: the canaries are off the machine again
sh: warning: setlocale: LC_ALL: cannot change locale (C.utf8): No such file or directory
sh: warning: setlocale: LC_ALL: cannot change locale (C.utf8): No such file or directory
sh: warning: setlocale: LC_ALL: cannot change locale (C.utf8): No such file or directory
sh: warning: setlocale: LC_ALL: cannot change locale (C.utf8): No such file or directory
sh: warning: setlocale: LC_ALL: cannot change locale (C.utf8): No such file or directory
sh: warning: setlocale: LC_ALL: cannot change locale (C.utf8): No such file or directory
sh: warning: setlocale: LC_ALL: cannot change locale (C.utf8): No such file or directory
sh: warning: setlocale: LC_ALL: cannot change locale (C.utf8): No such file or directory
sh: warning: setlocale: LC_ALL: cannot change locale (C.utf8): No such file or directory
sh: warning: setlocale: LC_ALL: cannot change locale (C.utf8): No such file or directory
sh: warning: setlocale: LC_ALL: cannot change locale (C.utf8): No such file or directory
sh: warning: setlocale: LC_ALL: cannot change locale (C.utf8): No such file or directory
sh: warning: setlocale: LC_ALL: cannot change locale (C.utf8): No such file or directory
sh: warning: setlocale: LC_ALL: cannot change locale (C.utf8): No such file or directory
sh: warning: setlocale: LC_ALL: cannot change locale (C.utf8): No such file or directory
sh: warning: setlocale: LC_ALL: cannot change locale (C.utf8): No such file or directory
sh: warning: setlocale: LC_ALL: cannot change locale (C.utf8): No such file or directory
sh: warning: setlocale: LC_ALL: cannot change locale (C.utf8): No such file or directory
sh: warning: setlocale: LC_ALL: cannot change locale (C.utf8): No such file or directory
sh: warning: setlocale: LC_ALL: cannot change locale (C.utf8): No such file or directory
sh: warning: setlocale: LC_ALL: cannot change locale (C.utf8): No such file or directory
sh: warning: setlocale: LC_ALL: cannot change locale (C.utf8): No such file or directory
sh: warning: setlocale: LC_ALL: cannot change locale (C.utf8): No such file or directory
sh: warning: setlocale: LC_ALL: cannot change locale (C.utf8): No such file or directory
sh: warning: setlocale: LC_ALL: cannot change locale (C.utf8): No such file or directory
sh: warning: setlocale: LC_ALL: cannot change locale (C.utf8): No such file or directory
sh: warning: setlocale: LC_ALL: cannot change locale (C.utf8): No such file or directory
sh: warning: setlocale: LC_ALL: cannot change locale (C.utf8): No such file or directory
sh: warning: setlocale: LC_ALL: cannot change locale (C.utf8): No such file or directory
sh: warning: setlocale: LC_ALL: cannot change locale (C.utf8): No such file or directory
sh: warning: setlocale: LC_ALL: cannot change locale (C.utf8): No such file or directory
sh: warning: setlocale: LC_ALL: cannot change locale (C.utf8): No such file or directory
sh: warning: setlocale: LC_ALL: cannot change locale (C.utf8): No such file or directory
sh: warning: setlocale: LC_ALL: cannot change locale (C.utf8): No such file or directory
sh: warning: setlocale: LC_ALL: cannot change locale (C.utf8): No such file or directory
sh: warning: setlocale: LC_ALL: cannot change locale (C.utf8): No such file or directory
sh: warning: setlocale: LC_ALL: cannot change locale (C.utf8): No such file or directory
sh: warning: setlocale: LC_ALL: cannot change locale (C.utf8): No such file or directory
sh: warning: setlocale: LC_ALL: cannot change locale (C.utf8): No such file or directory
sh: warning: setlocale: LC_ALL: cannot change locale (C.utf8): No such file or directory
sh: warning: setlocale: LC_ALL: cannot change locale (C.utf8): No such file or directory
sh: warning: setlocale: LC_ALL: cannot change locale (C.utf8): No such file or directory
sh: warning: setlocale: LC_ALL: cannot change locale (C.utf8): No such file or directory
sh: warning: setlocale: LC_ALL: cannot change locale (C.utf8): No such file or directory
sh: warning: setlocale: LC_ALL: cannot change locale (C.utf8): No such file or directory
sh: warning: setlocale: LC_ALL: cannot change locale (C.utf8): No such file or directory
sh: warning: setlocale: LC_ALL: cannot change locale (C.utf8): No such file or directory
sh: warning: setlocale: LC_ALL: cannot change locale (C.utf8): No such file or directory
sh: warning: setlocale: LC_ALL: cannot change locale (C.utf8): No such file or directory
sh: warning: setlocale: LC_ALL: cannot change locale (C.utf8): No such file or directory
sh: warning: setlocale: LC_ALL: cannot change locale (C.utf8): No such file or directory
sh: warning: setlocale: LC_ALL: cannot change locale (C.utf8): No such file or directory
sh: warning: setlocale: LC_ALL: cannot change locale (C.utf8): No such file or directory
sh: warning: setlocale: LC_ALL: cannot change locale (C.utf8): No such file or directory
sh: warning: setlocale: LC_ALL: cannot change locale (C.utf8): No such file or directory
sh: warning: setlocale: LC_ALL: cannot change locale (C.utf8): No such file or directory
sh: warning: setlocale: LC_ALL: cannot change locale (C.utf8): No such file or directory
sh: warning: setlocale: LC_ALL: cannot change locale (C.utf8): No such file or directory
sh: warning: setlocale: LC_ALL: cannot change locale (C.utf8): No such file or directory
sh: warning: setlocale: LC_ALL: cannot change locale (C.utf8): No such file or directory
sh: warning: setlocale: LC_ALL: cannot change locale (C.utf8): No such file or directory
sh: warning: setlocale: LC_ALL: cannot change locale (C.utf8): No such file or directory
sh: warning: setlocale: LC_ALL: cannot change locale (C.utf8): No such file or directory
sh: warning: setlocale: LC_ALL: cannot change locale (C.utf8): No such file or directory
sh: warning: setlocale: LC_ALL: cannot change locale (C.utf8): No such file or directory
sh: warning: setlocale: LC_ALL: cannot change locale (C.utf8): No such file or directory
sh: warning: setlocale: LC_ALL: cannot change locale (C.utf8): No such file or directory
sh: warning: setlocale: LC_ALL: cannot change locale (C.utf8): No such file or directory
sh: warning: setlocale: LC_ALL: cannot change locale (C.utf8): No such file or directory
sh: warning: setlocale: LC_ALL: cannot change locale (C.utf8): No such file or directory
sh: warning: setlocale: LC_ALL: cannot change locale (C.utf8): No such file or directory
sh: warning: setlocale: LC_ALL: cannot change locale (C.utf8): No such file or directory
sh: warning: setlocale: LC_ALL: cannot change locale (C.utf8): No such file or directory
sh: warning: setlocale: LC_ALL: cannot change locale (C.utf8): No such file or directory
sh: warning: setlocale: LC_ALL: cannot change locale (C.utf8): No such file or directory
sh: warning: setlocale: LC_ALL: cannot change locale (C.utf8): No such file or directory
sh: warning: setlocale: LC_ALL: cannot change locale (C.utf8): No such file or directory
sh: warning: setlocale: LC_ALL: cannot change locale (C.utf8): No such file or directory
sh: warning: setlocale: LC_ALL: cannot change locale (C.utf8): No such file or directory
sh: warning: setlocale: LC_ALL: cannot change locale (C.utf8): No such file or directory
sh: warning: setlocale: LC_ALL: cannot change locale (C.utf8): No such file or directory
sh: warning: setlocale: LC_ALL: cannot change locale (C.utf8): No such file or directory
sh: warning: setlocale: LC_ALL: cannot change locale (C.utf8): No such file or directory
sh: warning: setlocale: LC_ALL: cannot change locale (C.utf8): No such file or directory
sh: warning: setlocale: LC_ALL: cannot change locale (C.utf8): No such file or directory
sh: warning: setlocale: LC_ALL: cannot change locale (C.utf8): No such file or directory
sh: warning: setlocale: LC_ALL: cannot change locale (C.utf8): No such file or directory
sh: warning: setlocale: LC_ALL: cannot change locale (C.utf8): No such file or directory
sh: warning: setlocale: LC_ALL: cannot change locale (C.utf8): No such file or directory
sh: warning: setlocale: LC_ALL: cannot change locale (C.utf8): No such file or directory
sh: warning: setlocale: LC_ALL: cannot change locale (C.utf8): No such file or directory
sh: warning: setlocale: LC_ALL: cannot change locale (C.utf8): No such file or directory
sh: warning: setlocale: LC_ALL: cannot change locale (C.utf8): No such file or directory
sh: warning: setlocale: LC_ALL: cannot change locale (C.utf8): No such file or directory
sh: warning: setlocale: LC_ALL: cannot change locale (C.utf8): No such file or directory
sh: warning: setlocale: LC_ALL: cannot change locale (C.utf8): No such file or directory
sh: warning: setlocale: LC_ALL: cannot change locale (C.utf8): No such file or directory
sh: warning: setlocale: LC_ALL: cannot change locale (C.utf8): No such file or directory
sh: warning: setlocale: LC_ALL: cannot change locale (C.utf8): No such file or directory
sh: warning: setlocale: LC_ALL: cannot change locale (C.utf8): No such file or directory
sh: warning: setlocale: LC_ALL: cannot change locale (C.utf8): No such file or directory
sh: warning: setlocale: LC_ALL: cannot change locale (C.utf8): No such file or directory
sh: warning: setlocale: LC_ALL: cannot change locale (C.utf8): No such file or directory
sh: warning: setlocale: LC_ALL: cannot change locale (C.utf8): No such file or directory
sh: warning: setlocale: LC_ALL: cannot change locale (C.utf8): No such file or directory
sh: warning: setlocale: LC_ALL: cannot change locale (C.utf8): No such file or directory
sh: warning: setlocale: LC_ALL: cannot change locale (C.utf8): No such file or directory
sh: warning: setlocale: LC_ALL: cannot change locale (C.utf8): No such file or directory
sh: warning: setlocale: LC_ALL: cannot change locale (C.utf8): No such file or directory
sh: warning: setlocale: LC_ALL: cannot change locale (C.utf8): No such file or directory
sh: warning: setlocale: LC_ALL: cannot change locale (C.utf8): No such file or directory
sh: warning: setlocale: LC_ALL: cannot change locale (C.utf8): No such file or directory
sh: warning: setlocale: LC_ALL: cannot change locale (C.utf8): No such file or directory
sh: warning: setlocale: LC_ALL: cannot change locale (C.utf8): No such file or directory
sh: warning: setlocale: LC_ALL: cannot change locale (C.utf8): No such file or directory
sh: warning: setlocale: LC_ALL: cannot change locale (C.utf8): No such file or directory
sh: warning: setlocale: LC_ALL: cannot change locale (C.utf8): No such file or directory
sh: warning: setlocale: LC_ALL: cannot change locale (C.utf8): No such file or directory
sh: warning: setlocale: LC_ALL: cannot change locale (C.utf8): No such file or directory
sh: warning: setlocale: LC_ALL: cannot change locale (C.utf8): No such file or directory
sh: warning: setlocale: LC_ALL: cannot change locale (C.utf8): No such file or directory
sh: warning: setlocale: LC_ALL: cannot change locale (C.utf8): No such file or directory
sh: warning: setlocale: LC_ALL: cannot change locale (C.utf8): No such file or directory
sh: warning: setlocale: LC_ALL: cannot change locale (C.utf8): No such file or directory
sh: warning: setlocale: LC_ALL: cannot change locale (C.utf8): No such file or directory
sh: warning: setlocale: LC_ALL: cannot change locale (C.utf8): No such file or directory
  PASS  crash/midway: SIGKILL left 3 newly-opened operation(s) in the write-ahead log (3 open in all), with 3 of 3 canaries on disk
  PASS  crash/midway: heal recovered the interrupted operation(s)
  PASS  crash/midway: heal's report is in the user's words, not the journal's
  PASS  crash/midway: nothing is open in the log that heal did not name
  PASS  crash/midway: the model still parses after the crash (rc=2)
sh: warning: setlocale: LC_ALL: cannot change locale (C.utf8): No such file or directory
sh: warning: setlocale: LC_ALL: cannot change locale (C.utf8): No such file or directory
sh: warning: setlocale: LC_ALL: cannot change locale (C.utf8): No such file or directory
  PASS  crash/midway: every canary the crash left on the machine is under Shall management
sh: warning: setlocale: LC_ALL: cannot change locale (C.utf8): No such file or directory
sh: warning: setlocale: LC_ALL: cannot change locale (C.utf8): No such file or directory
sh: warning: setlocale: LC_ALL: cannot change locale (C.utf8): No such file or directory
  PASS  crash/midway: the sync after the crash converged onto all 3 canaries
  PASS  crash/midway: and the preview after that plans no change at all
sh: warning: setlocale: LC_ALL: cannot change locale (C.utf8): No such file or directory
sh: warning: setlocale: LC_ALL: cannot change locale (C.utf8): No such file or directory
sh: warning: setlocale: LC_ALL: cannot change locale (C.utf8): No such file or directory
sh: warning: setlocale: LC_ALL: cannot change locale (C.utf8): No such file or directory
sh: warning: setlocale: LC_ALL: cannot change locale (C.utf8): No such file or directory
sh: warning: setlocale: LC_ALL: cannot change locale (C.utf8): No such file or directory
sh: warning: setlocale: LC_ALL: cannot change locale (C.utf8): No such file or directory
sh: warning: setlocale: LC_ALL: cannot change locale (C.utf8): No such file or directory
sh: warning: setlocale: LC_ALL: cannot change locale (C.utf8): No such file or directory
  PASS  crash/midway: the canaries are off the machine again
sh: warning: setlocale: LC_ALL: cannot change locale (C.utf8): No such file or directory
sh: warning: setlocale: LC_ALL: cannot change locale (C.utf8): No such file or directory
sh: warning: setlocale: LC_ALL: cannot change locale (C.utf8): No such file or directory
  PASS  crash/completed: SIGKILL landed with 3 operation(s) closed in the write-ahead log and 0 still open, with 3 of 3 canaries on disk
  PASS  crash/completed: heal recovered the interrupted operation(s)
  PASS  crash/completed: heal's report is in the user's words, not the journal's
  PASS  crash/completed: nothing is open in the log that heal did not name
  PASS  crash/completed: the model still parses after the crash (rc=2)
sh: warning: setlocale: LC_ALL: cannot change locale (C.utf8): No such file or directory
sh: warning: setlocale: LC_ALL: cannot change locale (C.utf8): No such file or directory
sh: warning: setlocale: LC_ALL: cannot change locale (C.utf8): No such file or directory
  PASS  crash/completed: every canary the crash left on the machine is under Shall management
sh: warning: setlocale: LC_ALL: cannot change locale (C.utf8): No such file or directory
sh: warning: setlocale: LC_ALL: cannot change locale (C.utf8): No such file or directory
sh: warning: setlocale: LC_ALL: cannot change locale (C.utf8): No such file or directory
  PASS  crash/completed: the sync after the crash converged onto all 3 canaries
  PASS  crash/completed: and the preview after that plans no change at all
sh: warning: setlocale: LC_ALL: cannot change locale (C.utf8): No such file or directory
sh: warning: setlocale: LC_ALL: cannot change locale (C.utf8): No such file or directory
sh: warning: setlocale: LC_ALL: cannot change locale (C.utf8): No such file or directory
sh: warning: setlocale: LC_ALL: cannot change locale (C.utf8): No such file or directory
sh: warning: setlocale: LC_ALL: cannot change locale (C.utf8): No such file or directory
sh: warning: setlocale: LC_ALL: cannot change locale (C.utf8): No such file or directory
sh: warning: setlocale: LC_ALL: cannot change locale (C.utf8): No such file or directory
sh: warning: setlocale: LC_ALL: cannot change locale (C.utf8): No such file or directory
sh: warning: setlocale: LC_ALL: cannot change locale (C.utf8): No such file or directory
  PASS  crash/completed: the canaries are off the machine again
sh: warning: setlocale: LC_ALL: cannot change locale (C.utf8): No such file or directory
sh: warning: setlocale: LC_ALL: cannot change locale (C.utf8): No such file or directory
sh: warning: setlocale: LC_ALL: cannot change locale (C.utf8): No such file or directory
sh: warning: setlocale: LC_ALL: cannot change locale (C.utf8): No such file or directory
sh: warning: setlocale: LC_ALL: cannot change locale (C.utf8): No such file or directory
sh: warning: setlocale: LC_ALL: cannot change locale (C.utf8): No such file or directory
sh: warning: setlocale: LC_ALL: cannot change locale (C.utf8): No such file or directory
sh: warning: setlocale: LC_ALL: cannot change locale (C.utf8): No such file or directory
sh: warning: setlocale: LC_ALL: cannot change locale (C.utf8): No such file or directory
sh: warning: setlocale: LC_ALL: cannot change locale (C.utf8): No such file or directory
sh: warning: setlocale: LC_ALL: cannot change locale (C.utf8): No such file or directory
sh: warning: setlocale: LC_ALL: cannot change locale (C.utf8): No such file or directory
sh: warning: setlocale: LC_ALL: cannot change locale (C.utf8): No such file or directory
sh: warning: setlocale: LC_ALL: cannot change locale (C.utf8): No such file or directory
sh: warning: setlocale: LC_ALL: cannot change locale (C.utf8): No such file or directory
sh: warning: setlocale: LC_ALL: cannot change locale (C.utf8): No such file or directory
sh: warning: setlocale: LC_ALL: cannot change locale (C.utf8): No such file or directory
sh: warning: setlocale: LC_ALL: cannot change locale (C.utf8): No such file or directory
sh: warning: setlocale: LC_ALL: cannot change locale (C.utf8): No such file or directory
sh: warning: setlocale: LC_ALL: cannot change locale (C.utf8): No such file or directory
sh: warning: setlocale: LC_ALL: cannot change locale (C.utf8): No such file or directory
sh: warning: setlocale: LC_ALL: cannot change locale (C.utf8): No such file or directory
sh: warning: setlocale: LC_ALL: cannot change locale (C.utf8): No such file or directory
sh: warning: setlocale: LC_ALL: cannot change locale (C.utf8): No such file or directory
sh: warning: setlocale: LC_ALL: cannot change locale (C.utf8): No such file or directory
sh: warning: setlocale: LC_ALL: cannot change locale (C.utf8): No such file or directory
sh: warning: setlocale: LC_ALL: cannot change locale (C.utf8): No such file or directory
sh: warning: setlocale: LC_ALL: cannot change locale (C.utf8): No such file or directory
sh: warning: setlocale: LC_ALL: cannot change locale (C.utf8): No such file or directory
sh: warning: setlocale: LC_ALL: cannot change locale (C.utf8): No such file or directory
sh: warning: setlocale: LC_ALL: cannot change locale (C.utf8): No such file or directory
sh: warning: setlocale: LC_ALL: cannot change locale (C.utf8): No such file or directory
sh: warning: setlocale: LC_ALL: cannot change locale (C.utf8): No such file or directory
sh: warning: setlocale: LC_ALL: cannot change locale (C.utf8): No such file or directory
sh: warning: setlocale: LC_ALL: cannot change locale (C.utf8): No such file or directory
sh: warning: setlocale: LC_ALL: cannot change locale (C.utf8): No such file or directory
sh: warning: setlocale: LC_ALL: cannot change locale (C.utf8): No such file or directory
sh: warning: setlocale: LC_ALL: cannot change locale (C.utf8): No such file or directory
sh: warning: setlocale: LC_ALL: cannot change locale (C.utf8): No such file or directory
sh: warning: setlocale: LC_ALL: cannot change locale (C.utf8): No such file or directory
sh: warning: setlocale: LC_ALL: cannot change locale (C.utf8): No such file or directory
sh: warning: setlocale: LC_ALL: cannot change locale (C.utf8): No such file or directory
sh: warning: setlocale: LC_ALL: cannot change locale (C.utf8): No such file or directory
sh: warning: setlocale: LC_ALL: cannot change locale (C.utf8): No such file or directory
sh: warning: setlocale: LC_ALL: cannot change locale (C.utf8): No such file or directory
sh: warning: setlocale: LC_ALL: cannot change locale (C.utf8): No such file or directory
sh: warning: setlocale: LC_ALL: cannot change locale (C.utf8): No such file or directory
sh: warning: setlocale: LC_ALL: cannot change locale (C.utf8): No such file or directory
sh: warning: setlocale: LC_ALL: cannot change locale (C.utf8): No such file or directory
sh: warning: setlocale: LC_ALL: cannot change locale (C.utf8): No such file or directory
sh: warning: setlocale: LC_ALL: cannot change locale (C.utf8): No such file or directory
sh: warning: setlocale: LC_ALL: cannot change locale (C.utf8): No such file or directory
sh: warning: setlocale: LC_ALL: cannot change locale (C.utf8): No such file or directory
sh: warning: setlocale: LC_ALL: cannot change locale (C.utf8): No such file or directory
sh: warning: setlocale: LC_ALL: cannot change locale (C.utf8): No such file or directory
sh: warning: setlocale: LC_ALL: cannot change locale (C.utf8): No such file or directory
sh: warning: setlocale: LC_ALL: cannot change locale (C.utf8): No such file or directory
sh: warning: setlocale: LC_ALL: cannot change locale (C.utf8): No such file or directory
sh: warning: setlocale: LC_ALL: cannot change locale (C.utf8): No such file or directory
sh: warning: setlocale: LC_ALL: cannot change locale (C.utf8): No such file or directory
sh: warning: setlocale: LC_ALL: cannot change locale (C.utf8): No such file or directory
sh: warning: setlocale: LC_ALL: cannot change locale (C.utf8): No such file or directory
sh: warning: setlocale: LC_ALL: cannot change locale (C.utf8): No such file or directory
sh: warning: setlocale: LC_ALL: cannot change locale (C.utf8): No such file or directory
  PASS  crash/groupkill: SIGKILL left 1 newly-opened operation(s) in the write-ahead log (1 open in all), with 3 of 3 canaries on disk
  PASS  crash/groupkill: heal recovered the interrupted operation(s)
  PASS  crash/groupkill: heal's report is in the user's words, not the journal's
  PASS  crash/groupkill: nothing is open in the log that heal did not name
  PASS  crash/groupkill: the model still parses after the crash (rc=2)
sh: warning: setlocale: LC_ALL: cannot change locale (C.utf8): No such file or directory
sh: warning: setlocale: LC_ALL: cannot change locale (C.utf8): No such file or directory
sh: warning: setlocale: LC_ALL: cannot change locale (C.utf8): No such file or directory
  PASS  crash/groupkill: every canary the crash left on the machine is under Shall management
sh: warning: setlocale: LC_ALL: cannot change locale (C.utf8): No such file or directory
sh: warning: setlocale: LC_ALL: cannot change locale (C.utf8): No such file or directory
sh: warning: setlocale: LC_ALL: cannot change locale (C.utf8): No such file or directory
  PASS  crash/groupkill: the sync after the crash converged onto all 3 canaries
  PASS  crash/groupkill: and the preview after that plans no change at all
  soft  crash/groupkill: no repair command is known for `guix`, so the machine stays as the kill left it and the checks after this inherit it
sh: warning: setlocale: LC_ALL: cannot change locale (C.utf8): No such file or directory
sh: warning: setlocale: LC_ALL: cannot change locale (C.utf8): No such file or directory
sh: warning: setlocale: LC_ALL: cannot change locale (C.utf8): No such file or directory
sh: warning: setlocale: LC_ALL: cannot change locale (C.utf8): No such file or directory
sh: warning: setlocale: LC_ALL: cannot change locale (C.utf8): No such file or directory
sh: warning: setlocale: LC_ALL: cannot change locale (C.utf8): No such file or directory
sh: warning: setlocale: LC_ALL: cannot change locale (C.utf8): No such file or directory
sh: warning: setlocale: LC_ALL: cannot change locale (C.utf8): No such file or directory
sh: warning: setlocale: LC_ALL: cannot change locale (C.utf8): No such file or directory
  PASS  crash/groupkill: the canaries are off the machine again
[16e] Two runs at once, and killing the lock holder
sh: warning: setlocale: LC_ALL: cannot change locale (C.utf8): No such file or directory
  PASS  two-writers: the second run announced the wait instead of going quiet
  PASS  two-writers: it waited 11s for the holder rather than writing alongside it
  PASS  two-writers: and it proceeded once the lock was free (rc=0, after 11s)
  PASS  lock: the holder published its own command and pid — shall sync (pid 13782)
  PASS  lock: the stamp outlived the process that wrote it, which is the state under test
  PASS  lock: a killed holder's lock died with it — the next run took 1s, took the lock and released it
sh: warning: setlocale: LC_ALL: cannot change locale (C.utf8): No such file or directory
sh: warning: setlocale: LC_ALL: cannot change locale (C.utf8): No such file or directory
sh: warning: setlocale: LC_ALL: cannot change locale (C.utf8): No such file or directory
sh: warning: setlocale: LC_ALL: cannot change locale (C.utf8): No such file or directory
sh: warning: setlocale: LC_ALL: cannot change locale (C.utf8): No such file or directory
sh: warning: setlocale: LC_ALL: cannot change locale (C.utf8): No such file or directory
[16f] sudo with a real password, on a pty
sh: warning: setlocale: LC_ALL: cannot change locale (C.utf8): No such file or directory
  soft  sudo: not driven here — this image has no `sudo`
[16g] Snapshot → mutate → restore, on a real device
  soft  restore: no volume group on this image — 13b said why, and only the `storage` image (--privileged) builds one
[17] Coverage audit
        backends: 3 real lifecycle, 0 install-attempted, 53 plan-smoked
  PASS  every registered backend got a lifecycle or a plan-smoke
  PASS  every registered backend has a canary or a stated reason it cannot have one
  soft  real-lifecycle ratchet: no record for container-linux-guix-local yet, so nothing was compared
        add to /src/scripts/lifecycle-floor.txt:  container-linux-guix-local 3
        exempt: shell — opens an interactive subshell
        exempt: history — an interactive manifest-history TUI
        exempt: bisect — restores system snapshots, and may need a reboot between steps
        exempt: fleet — compares machines over SSH; there are no peers here
        subcommands: 61 in --help, 57 executed, 4 exempt
  PASS  every non-exempt subcommand was executed, not just --help'd
==============================================================
 RESULT  pass=340  fail=0  soft=9
 OK — every hard check passed.
==============================================================
