#0 building with "default" instance using docker driver

#1 [internal] load build definition from Dockerfile.slackware
#1 transferring dockerfile:
#1 transferring dockerfile: 5.77kB 0.8s done
#1 DONE 0.9s

#2 [internal] load metadata for docker.io/aclemons/slackware:15.0
#2 DONE 0.2s

#3 [internal] load .dockerignore
#3 transferring context:
#3 transferring context: 596B 0.5s done
#3 DONE 0.5s

#4 [internal] load build context
#4 DONE 0.0s

#5 [1/9] FROM docker.io/aclemons/slackware:15.0@sha256:35ab2753646cc08476f550b3b4a0221de0d34ed23e69f2a6a3152074ebe9243d
#5 resolve docker.io/aclemons/slackware:15.0@sha256:35ab2753646cc08476f550b3b4a0221de0d34ed23e69f2a6a3152074ebe9243d 0.1s done
#5 DONE 0.1s

#4 [internal] load build context
#4 transferring context: 71.42kB 4.8s
#4 transferring context: 94.53kB 7.8s done
#4 DONE 7.9s

#6 [3/9] RUN /usr/sbin/update-ca-certificates --fresh     && curl -sSf -o /dev/null https://static.rust-lang.org/rustup/release-stable.toml
#6 CACHED

#7 [4/9] RUN mkdir -p /opt/cargo /opt/rustup     && curl --proto '=https' --tlsv1.2 -sSfo /tmp/rustup-init.sh https://sh.rustup.rs     && sh /tmp/rustup-init.sh -y --no-modify-path --default-toolchain stable     && rm -f /tmp/rustup-init.sh     && chmod -R a+rwX /opt/rustup /opt/cargo     && /opt/cargo/bin/cargo --version
#7 CACHED

#8 [5/9] COPY docker/integration/retry.sh /usr/local/bin/retry
#8 CACHED

#9 [6/9] RUN chmod 0755 /usr/local/bin/retry
#9 CACHED

#10 [2/9] RUN slackpkg -batch=on -default_answer=y update gpg     && slackpkg -batch=on -default_answer=y update     && slackpkg -batch=on -default_answer=y install d l n     && curl --version
#10 CACHED

#11 [7/9] WORKDIR /src
#11 CACHED

#12 [8/9] COPY . /src
#12 DONE 1.6s

#13 [9/9] RUN cargo build --release && cp target/release/shall /usr/local/bin/shall && chmod 0755 /usr/local/bin/shall     && rm -rf /src/target
#13 0.974     Updating crates.io index
#13 5.250  Downloading crates ...
#13 5.532   Downloaded adler2 v2.0.1
#13 5.544   Downloaded fs2 v0.4.3
#13 5.555   Downloaded http-body v1.1.0
#13 5.561   Downloaded idna_adapter v1.2.1
#13 5.564   Downloaded hex v0.4.3
#13 5.575   Downloaded heck v0.5.0
#13 5.579   Downloaded home v0.5.12
#13 5.583   Downloaded ident_case v1.0.1
#13 5.586   Downloaded is_terminal_polyfill v1.70.2
#13 5.589   Downloaded futures-io v0.3.32
#13 5.593   Downloaded futures-task v0.3.32
#13 5.597   Downloaded instability v0.3.13
#13 5.605   Downloaded itoa v1.0.18
#13 5.611   Downloaded inout v0.1.4
#13 5.615   Downloaded lab v0.11.0
#13 5.622   Downloaded futures-macro v0.3.32
#13 5.626   Downloaded futures-sink v0.3.32
#13 5.630   Downloaded humansize v2.1.3
#13 5.637   Downloaded lru-slab v0.1.2
#13 5.640   Downloaded matchers v0.2.0
#13 5.645   Downloaded memmem v0.1.1
#13 5.649   Downloaded hostname v0.3.1
#13 5.657   Downloaded globwalk v0.9.1
#13 5.664   Downloaded tokio-macros v2.6.1
#13 5.674   Downloaded toml_datetime v0.6.11
#13 5.682   Downloaded tower-service v0.3.3
#13 5.688   Downloaded generic-array v0.14.7
#13 5.696   Downloaded lazy_static v1.5.0
#13 5.704   Downloaded mac_address v1.1.8
#13 5.713   Downloaded match_cfg v0.1.0
#13 5.720   Downloaded memoffset v0.9.1
#13 5.727   Downloaded futures-core v0.3.32
#13 5.736   Downloaded nonzero_ext v0.3.0
#13 5.763   Downloaded num-derive v0.4.2
#13 5.771   Downloaded option-ext v0.2.0
#13 5.778   Downloaded palette_math v0.7.7
#13 5.783   Downloaded num-conv v0.2.1
#13 5.790   Downloaded num_threads v0.1.7
#13 5.797   Downloaded no-std-compat v0.4.1
#13 5.803   Downloaded time-core v0.1.8
#13 5.809   Downloaded futures-executor v0.3.32
#13 5.816   Downloaded toml_write v0.1.2
#13 5.821   Downloaded http-body-util v0.1.4
#13 5.830   Downloaded hyper-rustls v0.27.9
#13 5.836   Downloaded indoc v2.0.7
#13 5.848   Downloaded tinyvec_macros v0.1.1
#13 5.853   Downloaded jobserver v0.1.34
#13 5.864   Downloaded line-clipping v0.3.8
#13 5.873   Downloaded lru v0.18.2
#13 5.880   Downloaded kasuari v0.4.12
#13 5.895   Downloaded futures-timer v3.0.3
#13 5.907   Downloaded globset v0.4.18
#13 5.917   Downloaded ipnet v2.12.0
#13 5.923   Downloaded futures-channel v0.3.32
#13 5.934   Downloaded scopeguard v1.2.0
#13 5.940   Downloaded parking_lot v0.12.5
#13 5.952   Downloaded slug v0.1.6
#13 5.957   Downloaded wezterm-color-types v0.3.0
#13 5.963   Downloaded atomic-waker v1.1.2
#13 5.970   Downloaded mlua-sys v0.6.8
#13 5.983   Downloaded ordered-float v4.6.0
#13 5.993   Downloaded palette_derive v0.7.7
#13 6.001   Downloaded nu-ansi-term v0.50.3
#13 6.013   Downloaded thiserror-impl v1.0.69
#13 6.029   Downloaded siphasher v1.0.3
#13 6.035   Downloaded version_check v0.9.5
#13 6.042   Downloaded wezterm-dynamic v0.2.1
#13 6.049   Downloaded want v0.3.1
#13 6.055   Downloaded yoke-derive v0.8.1
#13 6.060   Downloaded unit-prefix v0.5.2
#13 6.068   Downloaded iana-time-zone v0.1.65
#13 6.078   Downloaded litemap v0.8.1
#13 6.091   Downloaded lock_api v0.4.14
#13 6.097   Downloaded httparse v1.10.1
#13 6.112   Downloaded getrandom v0.2.17
#13 6.126   Downloaded wezterm-dynamic-derive v0.1.1
#13 6.129   Downloaded litrs v1.0.0
#13 6.145   Downloaded utf8parse v0.2.2
#13 6.152   Downloaded vtparse v0.6.2
#13 6.156   Downloaded zerofrom v0.1.6
#13 6.159   Downloaded by_address v1.2.1
#13 6.163   Downloaded untrusted v0.9.0
#13 6.171   Downloaded castaway v0.2.4
#13 6.175   Downloaded cfg_aliases v0.2.2
#13 6.182   Downloaded bit-set v0.5.3
#13 6.191   Downloaded approx v0.5.1
#13 6.203   Downloaded utf8_iter v1.0.4
#13 6.208   Downloaded atomic v0.6.1
#13 6.214   Downloaded wezterm-blob-leases v0.1.1
#13 6.221   Downloaded version-compare v0.1.1
#13 6.227   Downloaded block-buffer v0.10.4
#13 6.231   Downloaded const-random-macro v0.1.16
#13 6.235   Downloaded once_cell v1.21.4
#13 6.249   Downloaded cpufeatures v0.2.17
#13 6.254   Downloaded simd-adler32 v0.3.9
#13 6.263   Downloaded slab v0.4.12
#13 6.268   Downloaded semver v1.0.27
#13 6.277   Downloaded tokio-rustls v0.26.4
#13 6.285   Downloaded try-lock v0.2.5
#13 6.288   Downloaded xattr v1.6.1
#13 6.296   Downloaded zerofrom-derive v0.1.6
#13 6.301   Downloaded anstyle-query v1.1.5
#13 6.309   Downloaded chrono-tz-build v0.3.0
#13 6.312   Downloaded thread_local v1.1.9
#13 6.321   Downloaded errno v0.3.14
#13 6.329   Downloaded futures v0.3.32
#13 6.347   Downloaded hmac v0.12.1
#13 6.353   Downloaded tower-layer v0.3.3
#13 6.358   Downloaded getrandom v0.3.4
#13 6.373   Downloaded icu_provider v2.1.1
#13 6.383   Downloaded ignore v0.4.25
#13 6.394   Downloaded getrandom v0.4.2
#13 6.410   Downloaded log v0.4.29
#13 6.423   Downloaded percent-encoding v2.3.2
#13 6.427   Downloaded ratatui-termina v0.1.0
#13 6.434   Downloaded ratatui-macros v0.7.2
#13 6.442   Downloaded shell-words v1.1.1
#13 6.446   Downloaded thiserror v1.0.69
#13 6.466   Downloaded thiserror v2.0.19
#13 6.486   Downloaded num-traits v0.2.19
#13 6.602   Downloaded unicode-truncate v2.0.1
#13 6.615   Downloaded wezterm-input-types v0.1.0
#13 6.619   Downloaded which v6.0.3
#13 6.629   Downloaded writeable v0.6.2
#13 6.637   Downloaded xz2 v0.1.7
#13 6.645   Downloaded zmij v1.0.21
#13 6.652   Downloaded zstd v0.11.2+zstd.1.5.2
#13 6.666   Downloaded zstd-safe v5.0.2+zstd.1.5.2
#13 6.672   Downloaded anstream v1.0.0
#13 6.682   Downloaded anstyle v1.0.14
#13 6.689   Downloaded autocfg v1.5.0
#13 6.698   Downloaded base64ct v1.8.3
#13 6.720   Downloaded bitflags v1.3.2
#13 6.738   Downloaded deranged v0.5.8
#13 6.745   Downloaded dialoguer v0.11.0
#13 6.762   Downloaded displaydoc v0.2.5
#13 6.774   Downloaded equivalent v1.0.2
#13 6.781   Downloaded filetime v0.2.27
#13 6.790   Downloaded find-msvc-tools v0.1.9
#13 6.796   Downloaded stable_deref_trait v1.2.1
#13 6.800   Downloaded parking_lot_core v0.9.12
#13 6.813   Downloaded icu_normalizer_data v2.1.1
#13 6.827   Downloaded tracing-attributes v0.1.31
#13 6.844   Downloaded which v7.0.3
#13 6.857   Downloaded yoke v0.8.1
#13 6.866   Downloaded zeroize v1.8.2
#13 6.872   Downloaded zerovec-derive v0.11.2
#13 6.880   Downloaded bit-vec v0.6.3
#13 6.886   Downloaded byteorder v1.5.0
#13 6.893   Downloaded cfg-if v1.0.4
#13 6.902   Downloaded fixedbitset v0.4.2
#13 6.913   Downloaded icu_normalizer v2.1.1
#13 6.929   Downloaded icu_properties v2.1.2
#13 6.941   Downloaded pkg-config v0.3.32
#13 6.948   Downloaded quinn-udp v0.5.15
#13 6.958   Downloaded terminfo v0.9.0
#13 6.970   Downloaded crunchy v0.2.4
#13 6.974   Downloaded document-features v0.2.12
#13 6.979   Downloaded miniz_oxide v0.8.9
#13 6.989   Downloaded potential_utf v0.1.4
#13 6.994   Downloaded powerfmt v0.2.0
#13 6.998   Downloaded ratatui-termwiz v0.1.2
#13 7.004   Downloaded thiserror-impl v2.0.19
#13 7.012   Downloaded tracing-log v0.2.0
#13 7.019   Downloaded anyhow v1.0.104
#13 7.035   Downloaded ahash v0.8.12
#13 7.048   Downloaded bzip2 v0.4.4
#13 7.061   Downloaded ucd-trie v0.1.7
#13 7.069   Downloaded walkdir v2.5.0
#13 7.077   Downloaded toml v0.8.23
#13 7.085   Downloaded smartstring v1.0.1
#13 7.093   Downloaded anstyle-parse v1.0.0
#13 7.100   Downloaded strum_macros v0.28.0
#13 7.107   Downloaded tracing-core v0.1.36
#13 7.117   Downloaded cipher v0.4.4
#13 7.124   Downloaded phf_generator v0.11.3
#13 7.129   Downloaded icu_collections v2.1.1
#13 7.146   Downloaded synstructure v0.13.2
#13 7.148   Downloaded async-trait v0.1.89
#13 7.162   Downloaded indicatif v0.18.6
#13 7.172   Downloaded tiny-keccak v2.0.2
#13 7.180   Downloaded chacha20 v0.10.1
#13 7.188   Downloaded rustls-pki-types v1.15.1
#13 7.195   Downloaded cron v0.12.1
#13 7.203   Downloaded crossbeam-utils v0.8.21
#13 7.214   Downloaded pest_derive v2.8.6
#13 7.223   Downloaded ppv-lite86 v0.2.21
#13 7.228   Downloaded crossbeam-deque v0.8.6
#13 7.235   Downloaded crossbeam-epoch v0.9.20
#13 7.246   Downloaded bytemuck v1.25.2
#13 7.259   Downloaded shlex v1.3.0
#13 7.265   Downloaded toml_edit v0.22.27
#13 7.281   Downloaded rand_core v0.10.1
#13 7.290   Downloaded serde_core v1.0.228
#13 7.301   Downloaded console v0.16.4
#13 7.310   Downloaded crypto-common v0.1.7
#13 7.314   Downloaded console v0.15.11
#13 7.328   Downloaded rustversion v1.0.22
#13 7.339   Downloaded sha1 v0.10.6
#13 7.351   Downloaded sha2 v0.10.9
#13 7.362   Downloaded const-random v0.1.18
#13 7.368   Downloaded rand_chacha v0.3.1
#13 7.372   Downloaded dirs-sys v0.4.1
#13 7.377   Downloaded uuid v1.23.1
#13 7.387   Downloaded bitflags v2.13.1
#13 7.402   Downloaded indexmap v2.13.0
#13 7.428   Downloaded memchr v2.8.0
#13 7.450   Downloaded clap_complete_nushell v4.6.0
#13 7.460   Downloaded spin v0.5.2
#13 7.464   Downloaded ratatui-crossterm v0.1.2
#13 7.467   Downloaded env_home v0.1.0
#13 7.473   Downloaded rustc_version v0.4.1
#13 7.480   Downloaded fnv v1.0.7
#13 7.482   Downloaded filedescriptor v0.8.3
#13 7.485   Downloaded unicode-ident v1.0.24
#13 7.493   Downloaded wezterm-bidi v0.2.3
#13 7.502   Downloaded allocator-api2 v0.2.21
#13 7.512   Downloaded zip v0.6.6
#13 7.525   Downloaded base64 v0.22.1
#13 7.540   Downloaded zerotrie v0.2.3
#13 7.554   Downloaded tinystr v0.8.2
#13 7.563   Downloaded fastrand v2.3.0
#13 7.568   Downloaded mio v1.2.0
#13 7.594   Downloaded rhai_codegen v3.1.0
#13 7.617   Downloaded parse-zoneinfo v0.3.1
#13 7.627   Downloaded serde v1.0.228
#13 7.645   Downloaded critical-section v1.2.0
#13 7.655   Downloaded either v1.15.0
#13 7.670   Downloaded pest_generator v2.8.6
#13 7.677   Downloaded colorchoice v1.0.5
#13 7.682   Downloaded phf v0.11.3
#13 7.686   Downloaded pin-project-lite v0.2.17
#13 7.706   Downloaded cpufeatures v0.3.0
#13 7.713   Downloaded icu_locale_core v2.1.1
#13 7.739   Downloaded bytes v1.11.1
#13 7.751   Downloaded hyper-util v0.1.20
#13 7.774   Downloaded http v1.5.0
#13 7.792   Downloaded pbkdf2 v0.11.0
#13 7.809   Downloaded strsim v0.11.1
#13 7.816   Downloaded static_assertions v1.1.0
#13 7.820   Downloaded termios v0.3.3
#13 7.828   Downloaded digest v0.10.7
#13 7.834   Downloaded phf_shared v0.11.3
#13 7.837   Downloaded foldhash v0.2.0
#13 7.843   Downloaded rand_pcg v0.10.2
#13 7.847   Downloaded typenum v1.19.0
#13 7.857   Downloaded url v2.5.8
#13 7.868   Downloaded constant_time_eq v0.1.5
#13 7.873   Downloaded ratatui v0.30.2
#13 7.884   Downloaded rustc-hash v2.1.1
#13 7.893   Downloaded rustls-webpki v0.103.13
#13 7.908   Downloaded rand_core v0.6.4
#13 7.914   Downloaded thin-vec v0.2.18
#13 7.920   Downloaded password-hash v0.4.2
#13 7.940   Downloaded nom v7.1.3
#13 7.962   Downloaded dirs v5.0.1
#13 7.969   Downloaded sharded-slab v0.1.7
#13 7.982   Downloaded darling_macro v0.24.0
#13 7.985   Downloaded governor v0.6.3
#13 8.004   Downloaded phf_codegen v0.11.3
#13 8.008   Downloaded phf_macros v0.11.3
#13 8.015   Downloaded tower v0.5.3
#13 8.049   Downloaded clap_lex v1.1.0
#13 8.054   Downloaded quote v1.0.45
#13 8.067   Downloaded convert_case v0.10.0
#13 8.078   Downloaded signal-hook-mio v0.2.5
#13 8.085   Downloaded minimal-lexical v0.2.1
#13 8.105   Downloaded serde_derive v1.0.228
#13 8.118   Downloaded signal-hook v0.3.18
#13 8.133   Downloaded spinning_top v0.3.0
#13 8.139   Downloaded termina v0.3.3
#13 8.154   Downloaded tinyvec v1.12.0
#13 8.163   Downloaded finl_unicode v1.4.0
#13 8.174   Downloaded hashbrown v0.16.1
#13 8.192   Downloaded idna v1.1.0
#13 8.211   Downloaded serde_spanned v0.6.9
#13 8.217   Downloaded serde_urlencoded v0.7.1
#13 8.226   Downloaded smallvec v1.15.1
#13 8.240   Downloaded strum v0.28.0
#13 8.245   Downloaded subtle v2.6.1
#13 8.252   Downloaded sync_wrapper v1.0.2
#13 8.255   Downloaded form_urlencoded v1.2.2
#13 8.260   Downloaded fancy-regex v0.11.0
#13 8.275   Downloaded pest_meta v2.8.6
#13 8.285   Downloaded csscolorparser v0.6.2
#13 8.289   Downloaded itertools v0.14.0
#13 8.315   Downloaded cc v1.2.58
#13 8.333   Downloaded libm v0.2.16
#13 8.381   Downloaded same-file v1.0.6
#13 8.386   Downloaded quinn v0.11.11
#13 8.400   Downloaded dashmap v5.5.3
#13 8.409   Downloaded clap v4.6.0
#13 8.431   Downloaded proc-macro2 v1.0.106
#13 8.441   Downloaded socket2 v0.6.3
#13 8.451   Downloaded futures-util v0.3.32
#13 8.486   Downloaded hashbrown v0.14.5
#13 8.500   Downloaded hyper v1.11.0
#13 8.529   Downloaded icu_properties_data v2.1.2
#13 8.555   Downloaded rand v0.8.5
#13 8.565   Downloaded signal-hook-registry v1.4.8
#13 8.571   Downloaded euclid v0.22.14
#13 8.583   Downloaded hashbrown v0.17.1
#13 8.612   Downloaded derive_more v2.1.1
#13 8.657   Downloaded flate2 v1.1.9
#13 8.689   Downloaded rand v0.10.2
#13 8.706   Downloaded ryu v1.0.23
#13 8.726   Downloaded crc32fast v1.5.0
#13 8.741   Downloaded unicode-segmentation v1.13.2
#13 8.756   Downloaded tempfile v3.27.0
#13 8.770   Downloaded pest v2.8.6
#13 8.796   Downloaded tar v0.4.45
#13 8.810   Downloaded darling v0.24.0
#13 8.833   Downloaded clap_derive v4.6.0
#13 8.841   Downloaded crossterm v0.29.0
#13 8.864   Downloaded tower-http v0.6.11
#13 8.894   Downloaded mlua v0.9.9
#13 8.931   Downloaded serde_json v1.0.149
#13 8.950   Downloaded portable-atomic v1.13.1
#13 8.972   Downloaded clap_complete v4.6.0
#13 8.985   Downloaded aes v0.8.4
#13 9.000   Downloaded deunicode v1.6.2
#13 9.009   Downloaded zerovec v0.11.5
#13 9.037   Downloaded darling_core v0.24.0
#13 9.057   Downloaded derive_more-impl v2.1.1
#13 9.077   Downloaded compact_str v0.9.1
#13 9.090   Downloaded time v0.3.47
#13 9.156   Downloaded palette v0.7.7
#13 9.219   Downloaded regex v1.12.3
#13 9.245   Downloaded clap_builder v4.6.0
#13 9.276   Downloaded tera v1.20.1
#13 9.295   Downloaded tokio-util v0.7.18
#13 9.327   Downloaded syn v2.0.117
#13 9.370   Downloaded nix v0.29.0
#13 9.429   Downloaded syn v3.0.3
#13 9.486   Downloaded aho-corasick v1.1.4
#13 9.507   Downloaded quinn-proto v0.11.16
#13 9.533   Downloaded winnow v0.7.15
#13 9.571   Downloaded rustls v0.23.43
#13 9.614   Downloaded regex-syntax v0.8.10
#13 9.636   Downloaded termwiz v0.23.3
#13 9.674   Downloaded rustix v1.1.4
#13 9.761   Downloaded tracing-subscriber v0.3.23
#13 9.787   Downloaded reqwest v0.12.28
#13 9.800   Downloaded webpki-roots v1.0.9
#13 9.809   Downloaded lua-src v547.0.0
#13 9.862   Downloaded ratatui-widgets v0.3.2
#13 9.888   Downloaded chrono v0.4.44
#13 9.913   Downloaded ratatui-core v0.1.2
#13 9.935   Downloaded lzma-sys v0.1.20
#13 10.03   Downloaded libc v0.2.183
#13 10.15   Downloaded unicode-width v0.2.0
#13 10.16   Downloaded zerocopy v0.8.47
#13 10.22   Downloaded luajit-src v210.5.12+a4f56a4
#13 10.28   Downloaded syn v1.0.109
#13 10.30   Downloaded bstr v1.12.1
#13 10.31   Downloaded chrono-tz v0.9.0
#13 10.33   Downloaded rhai v1.24.0
#13 10.36   Downloaded rustix v0.38.44
#13 10.42   Downloaded tracing v0.1.44
#13 10.45   Downloaded deltae v0.3.2
#13 10.49   Downloaded linux-raw-sys v0.4.15
#13 10.58   Downloaded linux-raw-sys v0.12.1
#13 10.70   Downloaded bzip2-sys v0.1.13+1.0.8
#13 10.72   Downloaded petgraph v0.6.5
#13 10.75   Downloaded regex-automata v0.4.14
#13 10.78   Downloaded zstd-sys v2.0.16+zstd.1.5.7
#13 10.81   Downloaded tokio v1.50.0
#13 10.90   Downloaded ring v0.17.14
#13 11.39    Compiling libc v0.2.183
#13 11.39    Compiling proc-macro2 v1.0.106
#13 11.40    Compiling quote v1.0.45
#13 11.41    Compiling unicode-ident v1.0.24
#13 11.41    Compiling cfg-if v1.0.4
#13 11.41    Compiling find-msvc-tools v0.1.9
#13 11.41    Compiling shlex v1.3.0
#13 11.41    Compiling memchr v2.8.0
#13 11.42    Compiling portable-atomic v1.13.1
#13 11.43    Compiling version_check v0.9.5
#13 11.43    Compiling log v0.4.29
#13 11.45    Compiling bitflags v2.13.1
#13 11.46    Compiling pkg-config v0.3.32
#13 11.46    Compiling smallvec v1.15.1
#13 11.48    Compiling pin-project-lite v0.2.17
#13 11.49    Compiling itoa v1.0.18
#13 11.50    Compiling futures-core v0.3.32
#13 11.50    Compiling stable_deref_trait v1.2.1
#13 11.51    Compiling serde_core v1.0.228
#13 11.51    Compiling typenum v1.19.0
#13 11.70    Compiling foldhash v0.2.0
#13 11.73    Compiling equivalent v1.0.2
#13 11.75    Compiling futures-sink v0.3.32
#13 11.82    Compiling allocator-api2 v0.2.21
#13 11.93    Compiling serde v1.0.228
#13 12.00    Compiling futures-channel v0.3.32
#13 12.03    Compiling autocfg v1.5.0
#13 12.07    Compiling bytes v1.11.1
#13 12.22    Compiling heck v0.5.0
#13 12.32    Compiling subtle v2.6.1
#13 12.37    Compiling futures-task v0.3.32
#13 12.43    Compiling futures-io v0.3.32
#13 12.46    Compiling slab v0.4.12
#13 12.52    Compiling generic-array v0.14.7
#13 12.79    Compiling unicode-width v0.2.0
#13 12.79    Compiling rustix v1.1.4
#13 12.94    Compiling writeable v0.6.2
#13 12.96    Compiling rustversion v1.0.22
#13 12.96    Compiling litemap v0.8.1
#13 13.07    Compiling zerocopy v0.8.47
#13 13.09    Compiling siphasher v1.0.3
#13 13.19    Compiling parking_lot_core v0.9.12
#13 13.42    Compiling hashbrown v0.16.1
#13 13.55    Compiling strsim v0.11.1
#13 13.65    Compiling num-traits v0.2.19
#13 13.75    Compiling phf_shared v0.11.3
#13 13.77    Compiling percent-encoding v2.3.2
#13 13.78    Compiling ryu v1.0.23
#13 13.84    Compiling zeroize v1.8.2
#13 13.94    Compiling aho-corasick v1.1.4
#13 14.07    Compiling regex-syntax v0.8.10
#13 14.17    Compiling icu_normalizer_data v2.1.1
#13 14.39    Compiling static_assertions v1.1.0
#13 14.45    Compiling icu_properties_data v2.1.2
#13 14.47    Compiling either v1.15.0
#13 14.50    Compiling ident_case v1.0.1
#13 14.63    Compiling rand_core v0.6.4
#13 14.69    Compiling scopeguard v1.2.0
#13 14.72    Compiling thiserror v2.0.19
#13 14.80    Compiling linux-raw-sys v0.12.1
#13 14.88    Compiling http v1.5.0
#13 14.97    Compiling lock_api v0.4.14
#13 15.34    Compiling rand v0.8.5
#13 16.03    Compiling once_cell v1.21.4
#13 16.22    Compiling crunchy v0.2.4
#13 16.59    Compiling syn v2.0.117
#13 16.63    Compiling syn v3.0.3
#13 16.77    Compiling crossbeam-utils v0.8.21
#13 16.91    Compiling unicode-segmentation v1.13.2
#13 17.11    Compiling errno v0.3.14
#13 17.18    Compiling getrandom v0.2.17
#13 17.26    Compiling mio v1.2.0
#13 17.60    Compiling jobserver v0.1.34
#13 17.68    Compiling signal-hook-registry v1.4.8
#13 17.76    Compiling socket2 v0.6.3
#13 18.16    Compiling phf_generator v0.11.3
#13 18.21    Compiling castaway v0.2.4
#13 18.51    Compiling crypto-common v0.1.7
#13 18.54    Compiling block-buffer v0.10.4
#13 18.57    Compiling cc v1.2.58
#13 18.98    Compiling tracing-core v0.1.36
#13 19.12    Compiling itertools v0.14.0
#13 19.61    Compiling regex-automata v0.4.14
#13 19.70    Compiling http-body v1.1.0
#13 19.92    Compiling rustls-pki-types v1.15.1
#13 19.98    Compiling hashbrown v0.17.1
#13 20.26    Compiling signal-hook v0.3.18
#13 20.65    Compiling tiny-keccak v2.0.2
#13 21.22    Compiling env_home v0.1.0
#13 21.38    Compiling utf8parse v0.2.2
#13 21.65    Compiling powerfmt v0.2.0
#13 21.81    Compiling crossbeam-epoch v0.9.20
#13 22.05    Compiling httparse v1.10.1
#13 22.19    Compiling instability v0.3.13
#13 22.70    Compiling untrusted v0.9.0
#13 22.91    Compiling deranged v0.5.8
#13 23.14    Compiling anstyle-parse v1.0.0
#13 23.26    Compiling digest v0.10.7
#13 23.26    Compiling compact_str v0.9.1
#13 23.29    Compiling phf_codegen v0.11.3
#13 23.84    Compiling lru v0.18.2
#13 23.87    Compiling phf v0.11.3
#13 23.93    Compiling bstr v1.12.1
#13 24.24    Compiling convert_case v0.10.0
#13 24.38    Compiling anstyle-query v1.1.5
#13 24.49    Compiling num_threads v0.1.7
#13 24.69    Compiling zmij v1.0.21
#13 24.71    Compiling is_terminal_polyfill v1.70.2
#13 24.91    Compiling rustls v0.23.43
#13 24.98    Compiling ucd-trie v0.1.7
#13 25.20    Compiling getrandom v0.4.2
#13 25.38    Compiling anstyle v1.0.14
#13 25.47    Compiling tower-service v0.3.3
#13 25.61    Compiling num-conv v0.2.1
#13 25.94    Compiling indoc v2.0.7
#13 25.96    Compiling try-lock v0.2.5
#13 26.17    Compiling critical-section v1.2.0
#13 26.23    Compiling colorchoice v1.0.5
#13 26.31    Compiling time-core v0.1.8
#13 26.45    Compiling cpufeatures v0.2.17
#13 26.57    Compiling ring v0.17.14
#13 26.63    Compiling zstd-sys v2.0.16+zstd.1.5.7
#13 26.70    Compiling bzip2-sys v0.1.13+1.0.8
#13 26.75    Compiling anstream v1.0.0
#13 26.96    Compiling want v0.3.1
#13 27.44    Compiling regex v1.12.3
#13 28.10    Compiling pest v2.8.6
#13 28.16    Compiling lua-src v547.0.0
#13 28.43    Compiling time v0.3.47
#13 28.51    Compiling parking_lot v0.12.5
#13 28.76    Compiling which v7.0.3
#13 29.12    Compiling parse-zoneinfo v0.3.1
#13 29.22    Compiling form_urlencoded v1.2.2
#13 29.43    Compiling unicode-truncate v2.0.1
#13 29.47    Compiling luajit-src v210.5.12+a4f56a4
#13 29.47    Compiling crc32fast v1.5.0
#13 29.94    Compiling litrs v1.0.0
#13 30.01    Compiling getrandom v0.3.4
#13 30.04    Compiling clap_lex v1.1.0
#13 30.36    Compiling darling_core v0.24.0
#13 30.81    Compiling chrono-tz-build v0.3.0
#13 30.92    Compiling same-file v1.0.6
#13 31.03    Compiling zstd-safe v5.0.2+zstd.1.5.2
#13 31.08    Compiling utf8_iter v1.0.4
#13 31.08    Compiling serde_json v1.0.149
#13 31.28    Compiling atomic-waker v1.1.2
#13 31.50    Compiling iana-time-zone v0.1.65
#13 31.59    Compiling libm v0.2.16
#13 31.65    Compiling walkdir v2.5.0
#13 31.79    Compiling clap_builder v4.6.0
#13 31.82    Compiling mlua-sys v0.6.8
#13 32.06    Compiling const-random-macro v0.1.16
#13 32.13    Compiling signal-hook-mio v0.2.5
#13 32.28    Compiling crossbeam-deque v0.8.6
#13 32.44    Compiling document-features v0.2.12
#13 32.51    Compiling chrono-tz v0.9.0
#13 32.76    Compiling pest_meta v2.8.6
#13 32.79    Compiling lzma-sys v0.1.20
#13 32.98    Compiling inout v0.1.4
#13 33.01    Compiling indexmap v2.13.0
#13 33.05    Compiling smartstring v1.0.1
#13 33.10    Compiling ahash v0.8.12
#13 33.25    Compiling line-clipping v0.3.8
#13 33.30    Compiling sync_wrapper v1.0.2
#13 33.52    Compiling adler2 v2.0.1
#13 33.60    Compiling thiserror v1.0.69
#13 33.62    Compiling simd-adler32 v0.3.9
#13 33.66    Compiling ipnet v2.12.0
#13 33.69    Compiling rustix v0.38.44
#13 33.86    Compiling base64 v0.22.1
#13 33.86    Compiling tower-layer v0.3.3
#13 33.91    Compiling lazy_static v1.5.0
#13 34.21    Compiling base64ct v1.8.3
#13 34.45    Compiling miniz_oxide v0.8.9
#13 34.69    Compiling cipher v0.4.4
#13 34.79    Compiling synstructure v0.13.2
#13 35.26    Compiling const-random v0.1.18
#13 35.42    Compiling password-hash v0.4.2
#13 36.56    Compiling ppv-lite86 v0.2.21
#13 36.63    Compiling pest_generator v2.8.6
#13 37.35    Compiling sha2 v0.10.9
#13 37.47    Compiling hmac v0.12.1
#13 37.53    Compiling thiserror-impl v2.0.19
#13 37.75    Compiling webpki-roots v1.0.9
#13 37.85    Compiling rand_chacha v0.3.1
#13 37.90    Compiling option-ext v0.2.0
#13 37.94    Compiling fastrand v2.3.0
#13 37.98    Compiling toml_write v0.1.2
#13 38.06    Compiling winnow v0.7.15
#13 38.10    Compiling anyhow v1.0.104
#13 38.18    Compiling linux-raw-sys v0.4.15
#13 38.90    Compiling deunicode v1.6.2
#13 39.33    Compiling minimal-lexical v0.2.1
#13 39.74    Compiling slug v0.1.6
#13 40.04    Compiling tempfile v3.27.0
#13 40.27    Compiling humansize v2.1.3
#13 40.41    Compiling nom v7.1.3
#13 40.63    Compiling pbkdf2 v0.11.0
#13 40.68    Compiling dirs-sys v0.4.1
#13 41.15    Compiling flate2 v1.1.9
#13 41.22    Compiling bzip2 v0.4.4
#13 41.53    Compiling aes v0.8.4
#13 42.08    Compiling sharded-slab v0.1.7
#13 42.25    Compiling xattr v1.6.1
#13 42.38    Compiling globset v0.4.18
#13 42.61    Compiling matchers v0.2.0
#13 42.72    Compiling zerofrom-derive v0.1.6
#13 43.04    Compiling yoke-derive v0.8.1
#13 43.18    Compiling zerovec-derive v0.11.2
#13 43.28    Compiling displaydoc v0.2.5
#13 43.32    Compiling serde_derive v1.0.228
#13 43.55    Compiling futures-macro v0.3.32
#13 44.05    Compiling tokio-macros v2.6.1
#13 44.41    Compiling strum_macros v0.28.0
#13 44.75    Compiling kasuari v0.4.12
#13 44.94    Compiling darling_macro v0.24.0
#13 45.55    Compiling tracing-attributes v0.1.31
#13 45.78    Compiling derive_more-impl v2.1.1
#13 45.98    Compiling darling v0.24.0
#13 46.28    Compiling clap_derive v4.6.0
#13 46.56    Compiling futures-util v0.3.32
#13 46.63    Compiling tokio v1.50.0
#13 47.07    Compiling ignore v0.4.25
#13 47.16    Compiling thiserror-impl v1.0.69
#13 47.55    Compiling zerofrom v0.1.6
#13 47.90    Compiling yoke v0.8.1
#13 48.10    Compiling rhai_codegen v3.1.0
#13 48.23    Compiling derive_more v2.1.1
#13 48.40    Compiling crossterm v0.29.0
#13 48.44    Compiling pest_derive v2.8.6
#13 48.87    Compiling zerovec v0.11.5
#13 49.10    Compiling zerotrie v0.2.3
#13 50.01    Compiling sha1 v0.10.6
#13 50.42    Compiling tracing-log v0.2.0
#13 50.48    Compiling tracing v0.1.44
#13 50.55    Compiling http-body-util v0.1.4
#13 51.04    Compiling globwalk v0.9.1
#13 51.21    Compiling tinystr v0.8.2
#13 51.48    Compiling potential_utf v0.1.4
#13 51.52    Compiling filetime v0.2.27
#13 51.67    Compiling console v0.16.4
#13 51.84    Compiling icu_collections v2.1.1
#13 51.93    Compiling console v0.15.11
#13 52.04    Compiling icu_locale_core v2.1.1
#13 52.11    Compiling spinning_top v0.3.0
#13 52.48    Compiling thread_local v1.1.9
#13 52.62    Compiling unit-prefix v0.5.2
#13 52.71    Compiling strum v0.28.0
#13 52.77    Compiling match_cfg v0.1.0
#13 52.94    Compiling shell-words v1.1.1
#13 53.01    Compiling nonzero_ext v0.3.0
#13 53.09    Compiling ratatui-core v0.1.2
#13 53.14    Compiling nu-ansi-term v0.50.3
#13 53.35    Compiling home v0.5.12
#13 53.41    Compiling clap v4.6.0
#13 53.45    Compiling futures-timer v3.0.3
#13 53.60    Compiling fixedbitset v0.4.2
#13 53.65    Compiling clap_complete v4.6.0
#13 53.65    Compiling hashbrown v0.14.5
#13 54.14    Compiling no-std-compat v0.4.1
#13 54.33    Compiling byteorder v1.5.0
#13 54.55    Compiling thin-vec v0.2.18
#13 54.63    Compiling constant_time_eq v0.1.5
#13 54.84    Compiling rustc-hash v2.1.1
#13 54.97    Compiling petgraph v0.6.5
#13 55.11    Compiling tracing-subscriber v0.3.23
#13 55.15    Compiling dialoguer v0.11.0
#13 55.58    Compiling which v6.0.3
#13 55.82    Compiling clap_complete_nushell v4.6.0
#13 55.91    Compiling icu_provider v2.1.1
#13 56.10    Compiling rhai v1.24.0
#13 57.24    Compiling icu_normalizer v2.1.1
#13 57.29    Compiling icu_properties v2.1.2
#13 57.62    Compiling dashmap v5.5.3
#13 57.73    Compiling indicatif v0.18.6
#13 58.48    Compiling chrono v0.4.44
#13 58.98    Compiling serde_spanned v0.6.9
#13 59.52    Compiling toml_datetime v0.6.11
#13 59.99    Compiling ratatui-widgets v0.3.2
#13 60.91    Compiling futures-executor v0.3.32
#13 61.00    Compiling toml_edit v0.22.27
#13 61.37    Compiling serde_urlencoded v0.7.1
#13 61.44    Compiling ratatui-crossterm v0.1.2
#13 62.13    Compiling futures v0.3.32
#13 62.22    Compiling hostname v0.3.1
#13 62.36    Compiling tar v0.4.45
#13 62.50    Compiling governor v0.6.3
#13 62.60    Compiling async-trait v0.1.89
#13 62.65    Compiling xz2 v0.1.7
#13 63.39    Compiling idna_adapter v1.2.1
#13 63.80    Compiling dirs v5.0.1
#13 63.86    Compiling idna v1.1.0
#13 64.41    Compiling uuid v1.23.1
#13 64.50    Compiling fs2 v0.4.3
#13 65.02    Compiling semver v1.0.27
#13 65.06    Compiling version-compare v0.1.1
#13 65.39    Compiling hex v0.4.3
#13 66.11    Compiling url v2.5.8
#13 66.66    Compiling cron v0.12.1
#13 67.09    Compiling ratatui-macros v0.7.2
#13 67.28    Compiling ratatui v0.30.2
#13 68.74    Compiling hyper v1.11.0
#13 69.98    Compiling tower v0.5.3
#13 70.93    Compiling tokio-util v0.7.18
#13 73.17    Compiling hyper-util v0.1.20
#13 73.30    Compiling tower-http v0.6.11
#13 73.74    Compiling toml v0.8.23
#13 74.43    Compiling rustls-webpki v0.103.13
#13 75.49    Compiling mlua v0.9.9
#13 80.45    Compiling tera v1.20.1
#13 90.82    Compiling tokio-rustls v0.26.4
#13 91.22    Compiling hyper-rustls v0.27.9
#13 91.51    Compiling reqwest v0.12.28
#13 93.10    Compiling zstd v0.11.2+zstd.1.5.2
#13 93.48    Compiling zip v0.6.6
#13 102.5    Compiling shall v0.8.0 (/src)
#13 655.6     Finished `release` profile [optimized] target(s) in 10m 54s
#13 DONE 656.4s

#14 exporting to image
#14 exporting layers
#14 exporting layers 13.1s done
#14 exporting manifest sha256:3b1ebc354d6f57924ae99f4e9a85cff84ed29bceb31943c46f96ef8b07a18393 0.1s done
#14 exporting config sha256:95c372979b6578c84914400bc4df686d4b37054b3b3068e46fe46a9e5035ba48 0.1s done
#14 exporting attestation manifest sha256:64c734c5b2a69d61dca98f282ed3e72f3238c6f8dac48a52c8b7644fc5a497e1 0.1s done
#14 exporting manifest list sha256:59bf41c95e21395462938028cc4deee91c95e2cef79f8e7ade9dd6cb1197dd51
#14 exporting manifest list sha256:59bf41c95e21395462938028cc4deee91c95e2cef79f8e7ade9dd6cb1197dd51 0.1s done
#14 naming to docker.io/library/shall-it-slackware:latest 0.0s done
#14 unpacking to docker.io/library/shall-it-slackware:latest
#14 unpacking to docker.io/library/shall-it-slackware:latest 6.3s done
#14 DONE 19.8s
